

================================================================
== Vivado HLS Report for 'kernel4'
================================================================
* Date:           Tue May 11 15:13:05 2021

* Version:        2019.2 (Build 2704478 on Wed Nov 06 22:10:23 MST 2019)
* Project:        prj_kernel4
* Solution:       solution1
* Product family: kintex7
* Target device:  xc7k160t-fbg484-1


================================================================
== Performance Estimates
================================================================
+ Timing: 
    * Summary: 
    +--------+----------+----------+------------+
    |  Clock |  Target  | Estimated| Uncertainty|
    +--------+----------+----------+------------+
    |ap_clk  | 10.00 ns | 6.580 ns |   1.25 ns  |
    +--------+----------+----------+------------+

+ Latency: 
    * Summary: 
    +---------+---------+-----------+-----------+------+------+---------+
    |  Latency (cycles) |   Latency (absolute)  |   Interval  | Pipeline|
    |   min   |   max   |    min    |    max    |  min |  max |   Type  |
    +---------+---------+-----------+-----------+------+------+---------+
    |     5111|     5111| 51.110 us | 51.110 us |  5111|  5111|   none  |
    +---------+---------+-----------+-----------+------+------+---------+

    + Detail: 
        * Instance: 
        N/A

        * Loop: 
        +----------------+---------+---------+----------+-----------+-----------+------+----------+
        |                |  Latency (cycles) | Iteration|  Initiation Interval  | Trip |          |
        |    Loop Name   |   min   |   max   |  Latency |  achieved |   target  | Count| Pipelined|
        +----------------+---------+---------+----------+-----------+-----------+------+----------+
        |- kernel4_loop  |     5110|     5110|         5|          -|          -|  1022|    no    |
        +----------------+---------+---------+----------+-----------+-----------+------+----------+



================================================================
== Utilization Estimates
================================================================
* Summary: 
+-----------------+---------+-------+--------+--------+-----+
|       Name      | BRAM_18K| DSP48E|   FF   |   LUT  | URAM|
+-----------------+---------+-------+--------+--------+-----+
|DSP              |        -|      -|       -|       -|    -|
|Expression       |        -|      6|       0|     136|    -|
|FIFO             |        -|      -|       -|       -|    -|
|Instance         |        -|      -|       -|       -|    -|
|Memory           |        -|      -|       -|       -|    -|
|Multiplexer      |        -|      -|       -|      77|    -|
|Register         |        -|      -|     218|       -|    -|
+-----------------+---------+-------+--------+--------+-----+
|Total            |        0|      6|     218|     213|    0|
+-----------------+---------+-------+--------+--------+-----+
|Available        |      650|    600|  202800|  101400|    0|
+-----------------+---------+-------+--------+--------+-----+
|Utilization (%)  |        0|      1|   ~0   |   ~0   |    0|
+-----------------+---------+-------+--------+--------+-----+

+ Detail: 
    * Instance: 
    N/A

    * DSP48E: 
    N/A

    * Memory: 
    N/A

    * FIFO: 
    N/A

    * Expression: 
    +---------------------+----------+-------+---+----+------------+------------+
    |    Variable Name    | Operation| DSP48E| FF| LUT| Bitwidth P0| Bitwidth P1|
    +---------------------+----------+-------+---+----+------------+------------+
    |mul_ln8_1_fu_109_p2  |     *    |      3|  0|  21|          32|          32|
    |mul_ln8_fu_105_p2    |     *    |      3|  0|  21|          32|          32|
    |array_r_d1           |     +    |      0|  0|  32|          32|          32|
    |i_fu_94_p2           |     +    |      0|  0|  17|          10|           1|
    |sub_ln8_fu_113_p2    |     -    |      0|  0|  32|          32|          32|
    |icmp_ln6_fu_82_p2    |   icmp   |      0|  0|  13|          10|           2|
    +---------------------+----------+-------+---+----+------------+------------+
    |Total                |          |      6|  0| 136|         148|         131|
    +---------------------+----------+-------+---+----+------------+------------+

    * Multiplexer: 
    +------------------+----+-----------+-----+-----------+
    |       Name       | LUT| Input Size| Bits| Total Bits|
    +------------------+----+-----------+-----+-----------+
    |ap_NS_fsm         |  38|          7|    1|          7|
    |array_r_address0  |  15|          3|   10|         30|
    |array_r_address1  |  15|          3|   10|         30|
    |i_0_reg_70        |   9|          2|   10|         20|
    +------------------+----+-----------+-----+-----------+
    |Total             |  77|         15|   31|         87|
    +------------------+----+-----------+-----+-----------+

    * Register: 
    +----------------------+----+----+-----+-----------+
    |         Name         | FF | LUT| Bits| Const Bits|
    +----------------------+----+----+-----+-----------+
    |ap_CS_fsm             |   6|   0|    6|          0|
    |array_load_1_reg_163  |  32|   0|   32|          0|
    |array_load_2_reg_168  |  32|   0|   32|          0|
    |array_load_reg_132    |  32|   0|   32|          0|
    |i_0_reg_70            |  10|   0|   10|          0|
    |i_reg_147             |  10|   0|   10|          0|
    |index_load_reg_157    |  32|   0|   32|          0|
    |mul_ln8_1_reg_178     |  32|   0|   32|          0|
    |mul_ln8_reg_173       |  32|   0|   32|          0|
    +----------------------+----+----+-----+-----------+
    |Total                 | 218|   0|  218|          0|
    +----------------------+----+----+-----+-----------+



================================================================
== Interface
================================================================
* Summary: 
+------------------+-----+-----+------------+--------------+--------------+
|     RTL Ports    | Dir | Bits|  Protocol  | Source Object|    C Type    |
+------------------+-----+-----+------------+--------------+--------------+
|ap_clk            |  in |    1| ap_ctrl_hs |    kernel4   | return value |
|ap_rst            |  in |    1| ap_ctrl_hs |    kernel4   | return value |
|ap_start          |  in |    1| ap_ctrl_hs |    kernel4   | return value |
|ap_done           | out |    1| ap_ctrl_hs |    kernel4   | return value |
|ap_idle           | out |    1| ap_ctrl_hs |    kernel4   | return value |
|ap_ready          | out |    1| ap_ctrl_hs |    kernel4   | return value |
|array_r_address0  | out |   10|  ap_memory |    array_r   |     array    |
|array_r_ce0       | out |    1|  ap_memory |    array_r   |     array    |
|array_r_q0        |  in |   32|  ap_memory |    array_r   |     array    |
|array_r_address1  | out |   10|  ap_memory |    array_r   |     array    |
|array_r_ce1       | out |    1|  ap_memory |    array_r   |     array    |
|array_r_we1       | out |    1|  ap_memory |    array_r   |     array    |
|array_r_d1        | out |   32|  ap_memory |    array_r   |     array    |
|array_r_q1        |  in |   32|  ap_memory |    array_r   |     array    |
|index_address0    | out |   10|  ap_memory |     index    |     array    |
|index_ce0         | out |    1|  ap_memory |     index    |     array    |
|index_q0          |  in |   32|  ap_memory |     index    |     array    |
+------------------+-----+-----+------------+--------------+--------------+

