

================================================================
== Vivado HLS Report for 'kernel2'
================================================================
* Date:           Mon May 10 19:33:31 2021

* Version:        2019.2 (Build 2704478 on Wed Nov 06 22:10:23 MST 2019)
* Project:        prj_kernel2
* Solution:       solution4
* Product family: kintex7
* Target device:  xc7k160t-fbg484-1


================================================================
== Performance Estimates
================================================================
+ Timing: 
    * Summary: 
    +--------+----------+----------+------------+
    |  Clock |  Target  | Estimated| Uncertainty|
    +--------+----------+----------+------------+
    |ap_clk  | 10.00 ns | 7.113 ns |   1.25 ns  |
    +--------+----------+----------+------------+

+ Latency: 
    * Summary: 
    +---------+---------+-----------+-----------+------+------+---------+
    |  Latency (cycles) |   Latency (absolute)  |   Interval  | Pipeline|
    |   min   |   max   |    min    |    max    |  min |  max |   Type  |
    +---------+---------+-----------+-----------+------+------+---------+
    |     2045|     2045| 20.450 us | 20.450 us |  2045|  2045|   none  |
    +---------+---------+-----------+-----------+------+------+---------+

    + Detail: 
        * Instance: 
        N/A

        * Loop: 
        +----------------+---------+---------+----------+-----------+-----------+------+----------+
        |                |  Latency (cycles) | Iteration|  Initiation Interval  | Trip |          |
        |    Loop Name   |   min   |   max   |  Latency |  achieved |   target  | Count| Pipelined|
        +----------------+---------+---------+----------+-----------+-----------+------+----------+
        |- kernel2_loop  |     2042|     2042|         2|          2|          1|  1021|    yes   |
        +----------------+---------+---------+----------+-----------+-----------+------+----------+



================================================================
== Utilization Estimates
================================================================
* Summary: 
+-----------------+---------+-------+--------+--------+-----+
|       Name      | BRAM_18K| DSP48E|   FF   |   LUT  | URAM|
+-----------------+---------+-------+--------+--------+-----+
|DSP              |        -|      -|       -|       -|    -|
|Expression       |        -|      3|       0|     109|    -|
|FIFO             |        -|      -|       -|       -|    -|
|Instance         |        -|      -|       -|       -|    -|
|Memory           |        -|      -|       -|       -|    -|
|Multiplexer      |        -|      -|       -|      81|    -|
|Register         |        -|      -|     112|       -|    -|
+-----------------+---------+-------+--------+--------+-----+
|Total            |        0|      3|     112|     190|    0|
+-----------------+---------+-------+--------+--------+-----+
|Available        |      650|    600|  202800|  101400|    0|
+-----------------+---------+-------+--------+--------+-----+
|Utilization (%)  |        0|   ~0  |   ~0   |   ~0   |    0|
+-----------------+---------+-------+--------+--------+-----+

+ Detail: 
    * Instance: 
    N/A

    * DSP48E: 
    N/A

    * Memory: 
    N/A

    * FIFO: 
    N/A

    * Expression: 
    +--------------------+----------+-------+---+----+------------+------------+
    |    Variable Name   | Operation| DSP48E| FF| LUT| Bitwidth P0| Bitwidth P1|
    +--------------------+----------+-------+---+----+------------+------------+
    |mul_ln11_fu_134_p2  |     *    |      3|  0|  21|          32|          32|
    |add_ln10_fu_123_p2  |     +    |      0|  0|  18|          11|           2|
    |array_r_d1          |     +    |      0|  0|  39|          32|          32|
    |i_fu_151_p2         |     +    |      0|  0|  18|          11|           1|
    |icmp_ln9_fu_117_p2  |   icmp   |      0|  0|  13|          11|          12|
    +--------------------+----------+-------+---+----+------------+------------+
    |Total               |          |      3|  0| 109|          97|          79|
    +--------------------+----------+-------+---+----+------------+------------+

    * Multiplexer: 
    +------------------+----+-----------+-----+-----------+
    |       Name       | LUT| Input Size| Bits| Total Bits|
    +------------------+----+-----------+-----+-----------+
    |ap_NS_fsm         |  33|          6|    1|          6|
    |array_r_address0  |  15|          3|   10|         30|
    |array_r_address1  |  15|          3|   10|         30|
    |aux3_0_reg_107    |   9|          2|   32|         64|
    |i_0_reg_95        |   9|          2|   11|         22|
    +------------------+----+-----------+-----+-----------+
    |Total             |  81|         16|   64|        152|
    +------------------+----+-----------+-----+-----------+

    * Register: 
    +------------------+----+----+-----+-----------+
    |       Name       | FF | LUT| Bits| Const Bits|
    +------------------+----+----+-----+-----------+
    |ap_CS_fsm         |   5|   0|    5|          0|
    |aux3_0_reg_107    |  32|   0|   32|          0|
    |aux3_1_reg_85     |  32|   0|   32|          0|
    |i_0_reg_95        |  11|   0|   11|          0|
    |mul_ln11_reg_185  |  32|   0|   32|          0|
    +------------------+----+----+-----+-----------+
    |Total             | 112|   0|  112|          0|
    +------------------+----+----+-----+-----------+



================================================================
== Interface
================================================================
* Summary: 
+------------------+-----+-----+------------+--------------+--------------+
|     RTL Ports    | Dir | Bits|  Protocol  | Source Object|    C Type    |
+------------------+-----+-----+------------+--------------+--------------+
|ap_clk            |  in |    1| ap_ctrl_hs |    kernel2   | return value |
|ap_rst            |  in |    1| ap_ctrl_hs |    kernel2   | return value |
|ap_start          |  in |    1| ap_ctrl_hs |    kernel2   | return value |
|ap_done           | out |    1| ap_ctrl_hs |    kernel2   | return value |
|ap_idle           | out |    1| ap_ctrl_hs |    kernel2   | return value |
|ap_ready          | out |    1| ap_ctrl_hs |    kernel2   | return value |
|array_r_address0  | out |   10|  ap_memory |    array_r   |     array    |
|array_r_ce0       | out |    1|  ap_memory |    array_r   |     array    |
|array_r_q0        |  in |   32|  ap_memory |    array_r   |     array    |
|array_r_address1  | out |   10|  ap_memory |    array_r   |     array    |
|array_r_ce1       | out |    1|  ap_memory |    array_r   |     array    |
|array_r_we1       | out |    1|  ap_memory |    array_r   |     array    |
|array_r_d1        | out |   32|  ap_memory |    array_r   |     array    |
|array_r_q1        |  in |   32|  ap_memory |    array_r   |     array    |
+------------------+-----+-----+------------+--------------+--------------+

