

================================================================
== Vivado HLS Report for 'kernel7'
================================================================
* Date:           Sun May 16 17:14:26 2021

* Version:        2019.2 (Build 2704478 on Wed Nov 06 22:10:23 MST 2019)
* Project:        prj_kernel7
* Solution:       solution6
* Product family: kintex7
* Target device:  xc7k160t-fbg484-1


================================================================
== Performance Estimates
================================================================
+ Timing: 
    * Summary: 
    +--------+----------+----------+------------+
    |  Clock |  Target  | Estimated| Uncertainty|
    +--------+----------+----------+------------+
    |ap_clk  | 10.00 ns | 8.348 ns |   1.25 ns  |
    +--------+----------+----------+------------+

+ Latency: 
    * Summary: 
    +---------+---------+-----------+-----------+------+------+---------+
    |  Latency (cycles) |   Latency (absolute)  |   Interval  | Pipeline|
    |   min   |   max   |    min    |    max    |  min |  max |   Type  |
    +---------+---------+-----------+-----------+------+------+---------+
    |     4104|     4104| 41.040 us | 41.040 us |  4104|  4104|   none  |
    +---------+---------+-----------+-----------+------+------+---------+

    + Detail: 
        * Instance: 
        N/A

        * Loop: 
        +----------------+---------+---------+----------+-----------+-----------+------+----------+
        |                |  Latency (cycles) | Iteration|  Initiation Interval  | Trip |          |
        |    Loop Name   |   min   |   max   |  Latency |  achieved |   target  | Count| Pipelined|
        +----------------+---------+---------+----------+-----------+-----------+------+----------+
        |- kernel7_loop  |     4102|     4102|        11|          4|          1|  1024|    yes   |
        +----------------+---------+---------+----------+-----------+-----------+------+----------+



================================================================
== Utilization Estimates
================================================================
* Summary: 
+-----------------+---------+-------+--------+--------+-----+
|       Name      | BRAM_18K| DSP48E|   FF   |   LUT  | URAM|
+-----------------+---------+-------+--------+--------+-----+
|DSP              |        -|      -|       -|       -|    -|
|Expression       |        -|      -|       0|     151|    -|
|FIFO             |        -|      -|       -|       -|    -|
|Instance         |        -|      2|     293|     322|    -|
|Memory           |        -|      -|       -|       -|    -|
|Multiplexer      |        -|      -|       -|     119|    -|
|Register         |        0|      -|     232|      32|    -|
+-----------------+---------+-------+--------+--------+-----+
|Total            |        0|      2|     525|     624|    0|
+-----------------+---------+-------+--------+--------+-----+
|Available        |      650|    600|  202800|  101400|    0|
+-----------------+---------+-------+--------+--------+-----+
|Utilization (%)  |        0|   ~0  |   ~0   |   ~0   |    0|
+-----------------+---------+-------+--------+--------+-----+

+ Detail: 
    * Instance: 
    +-------------------------+----------------------+---------+-------+-----+-----+-----+
    |         Instance        |        Module        | BRAM_18K| DSP48E|  FF | LUT | URAM|
    +-------------------------+----------------------+---------+-------+-----+-----+-----+
    |kernel7_faddfsub_bkb_U1  |kernel7_faddfsub_bkb  |        0|      2|  227|  214|    0|
    |kernel7_fcmp_32nscud_U2  |kernel7_fcmp_32nscud  |        0|      0|   66|   66|    0|
    |kernel7_mux_432_3dEe_U3  |kernel7_mux_432_3dEe  |        0|      0|    0|   21|    0|
    |kernel7_mux_432_3dEe_U4  |kernel7_mux_432_3dEe  |        0|      0|    0|   21|    0|
    +-------------------------+----------------------+---------+-------+-----+-----+-----+
    |Total                    |                      |        0|      2|  293|  322|    0|
    +-------------------------+----------------------+---------+-------+-----+-----+-----+

    * DSP48E: 
    N/A

    * Memory: 
    N/A

    * FIFO: 
    N/A

    * Expression: 
    +----------------------+----------+-------+---+----+------------+------------+
    |     Variable Name    | Operation| DSP48E| FF| LUT| Bitwidth P0| Bitwidth P1|
    +----------------------+----------+-------+---+----+------------+------------+
    |i_fu_214_p2           |     +    |      0|  0|  18|          11|           1|
    |and_ln8_1_fu_349_p2   |    and   |      0|  0|   6|           1|           1|
    |and_ln8_fu_343_p2     |    and   |      0|  0|   6|           1|           1|
    |icmp_ln6_fu_208_p2    |   icmp   |      0|  0|  13|          11|          12|
    |icmp_ln8_1_fu_317_p2  |   icmp   |      0|  0|  18|          23|           1|
    |icmp_ln8_2_fu_323_p2  |   icmp   |      0|  0|  11|           8|           2|
    |icmp_ln8_3_fu_329_p2  |   icmp   |      0|  0|  18|          23|           1|
    |icmp_ln8_fu_311_p2    |   icmp   |      0|  0|  11|           8|           2|
    |or_ln8_1_fu_339_p2    |    or    |      0|  0|   6|           1|           1|
    |or_ln8_fu_335_p2      |    or    |      0|  0|   6|           1|           1|
    |sum_1_fu_354_p3       |  select  |      0|  0|  32|           1|          32|
    |ap_enable_pp0         |    xor   |      0|  0|   6|           1|           2|
    +----------------------+----------+-------+---+----+------------+------------+
    |Total                 |          |      0|  0| 151|          90|          57|
    +----------------------+----------+-------+---+----+------------+------------+

    * Multiplexer: 
    +------------------------------+----+-----------+-----+-----------+
    |             Name             | LUT| Input Size| Bits| Total Bits|
    +------------------------------+----+-----------+-----+-----------+
    |ap_NS_fsm                     |  38|          7|    1|          7|
    |ap_enable_reg_pp0_iter2       |   9|          2|    1|          2|
    |ap_phi_mux_i_0_phi_fu_192_p4  |   9|          2|   11|         22|
    |grp_fu_199_opcode             |  15|          3|    2|          6|
    |grp_fu_199_p0                 |  15|          3|   32|         96|
    |grp_fu_199_p1                 |  15|          3|   32|         96|
    |i_0_reg_188                   |   9|          2|   11|         22|
    |sum_0_reg_176                 |   9|          2|   32|         64|
    +------------------------------+----+-----------+-----+-----------+
    |Total                         | 119|         24|  122|        315|
    +------------------------------+----+-----------+-----+-----------+

    * Register: 
    +-------------------------+----+----+-----+-----------+
    |           Name          | FF | LUT| Bits| Const Bits|
    +-------------------------+----+----+-----+-----------+
    |and_ln8_1_reg_459        |   1|   0|    1|          0|
    |ap_CS_fsm                |   6|   0|    6|          0|
    |ap_enable_reg_pp0_iter0  |   1|   0|    1|          0|
    |ap_enable_reg_pp0_iter1  |   1|   0|    1|          0|
    |ap_enable_reg_pp0_iter2  |   1|   0|    1|          0|
    |i_0_reg_188              |  11|   0|   11|          0|
    |i_reg_365                |  11|   0|   11|          0|
    |icmp_ln6_reg_361         |   1|   0|    1|          0|
    |icmp_ln8_1_reg_434       |   1|   0|    1|          0|
    |icmp_ln8_2_reg_439       |   1|   0|    1|          0|
    |icmp_ln8_3_reg_444       |   1|   0|    1|          0|
    |icmp_ln8_reg_429         |   1|   0|    1|          0|
    |sum_0_reg_176            |  32|   0|   32|          0|
    |tmp_1_reg_454            |  32|   0|   32|          0|
    |tmp_3_reg_422            |  32|   0|   32|          0|
    |tmp_6_reg_449            |   1|   0|    1|          0|
    |tmp_reg_415              |  32|   0|   32|          0|
    |trunc_ln8_reg_370        |   2|   0|    2|          0|
    |icmp_ln6_reg_361         |  64|  32|    1|          0|
    +-------------------------+----+----+-----+-----------+
    |Total                    | 232|  32|  169|          0|
    +-------------------------+----+----+-----+-----------+



================================================================
== Interface
================================================================
* Summary: 
+--------------+-----+-----+------------+--------------+--------------+
|   RTL Ports  | Dir | Bits|  Protocol  | Source Object|    C Type    |
+--------------+-----+-----+------------+--------------+--------------+
|ap_clk        |  in |    1| ap_ctrl_hs |    kernel7   | return value |
|ap_rst        |  in |    1| ap_ctrl_hs |    kernel7   | return value |
|ap_start      |  in |    1| ap_ctrl_hs |    kernel7   | return value |
|ap_done       | out |    1| ap_ctrl_hs |    kernel7   | return value |
|ap_idle       | out |    1| ap_ctrl_hs |    kernel7   | return value |
|ap_ready      | out |    1| ap_ctrl_hs |    kernel7   | return value |
|ap_return     | out |   32| ap_ctrl_hs |    kernel7   | return value |
|a_0_address0  | out |    8|  ap_memory |      a_0     |     array    |
|a_0_ce0       | out |    1|  ap_memory |      a_0     |     array    |
|a_0_q0        |  in |   32|  ap_memory |      a_0     |     array    |
|a_1_address0  | out |    8|  ap_memory |      a_1     |     array    |
|a_1_ce0       | out |    1|  ap_memory |      a_1     |     array    |
|a_1_q0        |  in |   32|  ap_memory |      a_1     |     array    |
|a_2_address0  | out |    8|  ap_memory |      a_2     |     array    |
|a_2_ce0       | out |    1|  ap_memory |      a_2     |     array    |
|a_2_q0        |  in |   32|  ap_memory |      a_2     |     array    |
|a_3_address0  | out |    8|  ap_memory |      a_3     |     array    |
|a_3_ce0       | out |    1|  ap_memory |      a_3     |     array    |
|a_3_q0        |  in |   32|  ap_memory |      a_3     |     array    |
|b_0_address0  | out |    8|  ap_memory |      b_0     |     array    |
|b_0_ce0       | out |    1|  ap_memory |      b_0     |     array    |
|b_0_q0        |  in |   32|  ap_memory |      b_0     |     array    |
|b_1_address0  | out |    8|  ap_memory |      b_1     |     array    |
|b_1_ce0       | out |    1|  ap_memory |      b_1     |     array    |
|b_1_q0        |  in |   32|  ap_memory |      b_1     |     array    |
|b_2_address0  | out |    8|  ap_memory |      b_2     |     array    |
|b_2_ce0       | out |    1|  ap_memory |      b_2     |     array    |
|b_2_q0        |  in |   32|  ap_memory |      b_2     |     array    |
|b_3_address0  | out |    8|  ap_memory |      b_3     |     array    |
|b_3_ce0       | out |    1|  ap_memory |      b_3     |     array    |
|b_3_q0        |  in |   32|  ap_memory |      b_3     |     array    |
+--------------+-----+-----+------------+--------------+--------------+

