

================================================================
== Vivado HLS Report for 'kernel3'
================================================================
* Date:           Tue May 11 09:34:31 2021

* Version:        2019.2 (Build 2704478 on Wed Nov 06 22:10:23 MST 2019)
* Project:        prj_kernel3
* Solution:       solution1
* Product family: kintex7
* Target device:  xc7k160t-fbg484-1


================================================================
== Performance Estimates
================================================================
+ Timing: 
    * Summary: 
    +--------+----------+----------+------------+
    |  Clock |  Target  | Estimated| Uncertainty|
    +--------+----------+----------+------------+
    |ap_clk  | 10.00 ns | 7.717 ns |   1.25 ns  |
    +--------+----------+----------+------------+

+ Latency: 
    * Summary: 
    +---------+---------+-----------+-----------+------+------+---------+
    |  Latency (cycles) |   Latency (absolute)  |   Interval  | Pipeline|
    |   min   |   max   |    min    |    max    |  min |  max |   Type  |
    +---------+---------+-----------+-----------+------+------+---------+
    |     8193|     8193| 81.930 us | 81.930 us |  8193|  8193|   none  |
    +---------+---------+-----------+-----------+------+------+---------+

    + Detail: 
        * Instance: 
        N/A

        * Loop: 
        +----------------+---------+---------+----------+-----------+-----------+------+----------+
        |                |  Latency (cycles) | Iteration|  Initiation Interval  | Trip |          |
        |    Loop Name   |   min   |   max   |  Latency |  achieved |   target  | Count| Pipelined|
        +----------------+---------+---------+----------+-----------+-----------+------+----------+
        |- kernel3_loop  |     8192|     8192|         8|          -|          -|  1024|    no    |
        +----------------+---------+---------+----------+-----------+-----------+------+----------+



================================================================
== Utilization Estimates
================================================================
* Summary: 
+-----------------+---------+-------+--------+--------+-----+
|       Name      | BRAM_18K| DSP48E|   FF   |   LUT  | URAM|
+-----------------+---------+-------+--------+--------+-----+
|DSP              |        -|      -|       -|       -|    -|
|Expression       |        -|      -|       0|      31|    -|
|FIFO             |        -|      -|       -|       -|    -|
|Instance         |        -|      2|     227|     214|    -|
|Memory           |        -|      -|       -|       -|    -|
|Multiplexer      |        -|      -|       -|      71|    -|
|Register         |        -|      -|     137|       -|    -|
+-----------------+---------+-------+--------+--------+-----+
|Total            |        0|      2|     364|     316|    0|
+-----------------+---------+-------+--------+--------+-----+
|Available        |      650|    600|  202800|  101400|    0|
+-----------------+---------+-------+--------+--------+-----+
|Utilization (%)  |        0|   ~0  |   ~0   |   ~0   |    0|
+-----------------+---------+-------+--------+--------+-----+

+ Detail: 
    * Instance: 
    +-------------------------+----------------------+---------+-------+-----+-----+-----+
    |         Instance        |        Module        | BRAM_18K| DSP48E|  FF | LUT | URAM|
    +-------------------------+----------------------+---------+-------+-----+-----+-----+
    |kernel3_fadd_32nsbkb_U1  |kernel3_fadd_32nsbkb  |        0|      2|  227|  214|    0|
    +-------------------------+----------------------+---------+-------+-----+-----+-----+
    |Total                    |                      |        0|      2|  227|  214|    0|
    +-------------------------+----------------------+---------+-------+-----+-----+-----+

    * DSP48E: 
    N/A

    * Memory: 
    N/A

    * FIFO: 
    N/A

    * Expression: 
    +-------------------+----------+-------+---+----+------------+------------+
    |   Variable Name   | Operation| DSP48E| FF| LUT| Bitwidth P0| Bitwidth P1|
    +-------------------+----------+-------+---+----+------------+------------+
    |i_fu_88_p2         |     +    |      0|  0|  18|          11|           1|
    |icmp_ln5_fu_82_p2  |   icmp   |      0|  0|  13|          11|          12|
    +-------------------+----------+-------+---+----+------------+------------+
    |Total              |          |      0|  0|  31|          22|          13|
    +-------------------+----------+-------+---+----+------------+------------+

    * Multiplexer: 
    +---------------+----+-----------+-----+-----------+
    |      Name     | LUT| Input Size| Bits| Total Bits|
    +---------------+----+-----------+-----+-----------+
    |ap_NS_fsm      |  47|         10|    1|         10|
    |hist_address0  |  15|          3|   10|         30|
    |i_0_reg_67     |   9|          2|   11|         22|
    +---------------+----+-----------+-----+-----------+
    |Total          |  71|         15|   22|         62|
    +---------------+----+-----------+-----+-----------+

    * Register: 
    +---------------------+----+----+-----+-----------+
    |         Name        | FF | LUT| Bits| Const Bits|
    +---------------------+----+----+-----+-----------+
    |ap_CS_fsm            |   9|   0|    9|          0|
    |hist_addr_reg_123    |  10|   0|   10|          0|
    |hist_load_reg_133    |  32|   0|   32|          0|
    |i_0_reg_67           |  11|   0|   11|          0|
    |i_reg_108            |  11|   0|   11|          0|
    |tmp_reg_138          |  32|   0|   32|          0|
    |weight_load_reg_128  |  32|   0|   32|          0|
    +---------------------+----+----+-----+-----------+
    |Total                | 137|   0|  137|          0|
    +---------------------+----+----+-----+-----------+



================================================================
== Interface
================================================================
* Summary: 
+-----------------+-----+-----+------------+--------------+--------------+
|    RTL Ports    | Dir | Bits|  Protocol  | Source Object|    C Type    |
+-----------------+-----+-----+------------+--------------+--------------+
|ap_clk           |  in |    1| ap_ctrl_hs |    kernel3   | return value |
|ap_rst           |  in |    1| ap_ctrl_hs |    kernel3   | return value |
|ap_start         |  in |    1| ap_ctrl_hs |    kernel3   | return value |
|ap_done          | out |    1| ap_ctrl_hs |    kernel3   | return value |
|ap_idle          | out |    1| ap_ctrl_hs |    kernel3   | return value |
|ap_ready         | out |    1| ap_ctrl_hs |    kernel3   | return value |
|hist_address0    | out |   10|  ap_memory |     hist     |     array    |
|hist_ce0         | out |    1|  ap_memory |     hist     |     array    |
|hist_we0         | out |    1|  ap_memory |     hist     |     array    |
|hist_d0          | out |   32|  ap_memory |     hist     |     array    |
|hist_q0          |  in |   32|  ap_memory |     hist     |     array    |
|weight_address0  | out |   10|  ap_memory |    weight    |     array    |
|weight_ce0       | out |    1|  ap_memory |    weight    |     array    |
|weight_q0        |  in |   32|  ap_memory |    weight    |     array    |
|index_address0   | out |   10|  ap_memory |     index    |     array    |
|index_ce0        | out |    1|  ap_memory |     index    |     array    |
|index_q0         |  in |   32|  ap_memory |     index    |     array    |
+-----------------+-----+-----+------------+--------------+--------------+

