

================================================================
== Vivado HLS Report for 'kernel7'
================================================================
* Date:           Mon May 17 08:43:24 2021

* Version:        2019.2 (Build 2704478 on Wed Nov 06 22:10:23 MST 2019)
* Project:        prj_kernel7
* Solution:       solution7
* Product family: kintex7
* Target device:  xc7k160t-fbg484-1


================================================================
== Performance Estimates
================================================================
+ Timing: 
    * Summary: 
    +--------+----------+----------+------------+
    |  Clock |  Target  | Estimated| Uncertainty|
    +--------+----------+----------+------------+
    |ap_clk  | 10.00 ns | 8.534 ns |   1.25 ns  |
    +--------+----------+----------+------------+

+ Latency: 
    * Summary: 
    +---------+---------+-----------+-----------+------+------+---------+
    |  Latency (cycles) |   Latency (absolute)  |   Interval  | Pipeline|
    |   min   |   max   |    min    |    max    |  min |  max |   Type  |
    +---------+---------+-----------+-----------+------+------+---------+
    |     4106|     4106| 41.060 us | 41.060 us |  4106|  4106|   none  |
    +---------+---------+-----------+-----------+------+------+---------+

    + Detail: 
        * Instance: 
        N/A

        * Loop: 
        +----------------+---------+---------+----------+-----------+-----------+------+----------+
        |                |  Latency (cycles) | Iteration|  Initiation Interval  | Trip |          |
        |    Loop Name   |   min   |   max   |  Latency |  achieved |   target  | Count| Pipelined|
        +----------------+---------+---------+----------+-----------+-----------+------+----------+
        |- kernel7_loop  |     4086|     4086|         7|          4|          1|  1021|    yes   |
        +----------------+---------+---------+----------+-----------+-----------+------+----------+



================================================================
== Utilization Estimates
================================================================
* Summary: 
+-----------------+---------+-------+--------+--------+-----+
|       Name      | BRAM_18K| DSP48E|   FF   |   LUT  | URAM|
+-----------------+---------+-------+--------+--------+-----+
|DSP              |        -|      -|       -|       -|    -|
|Expression       |        -|      -|       0|     329|    -|
|FIFO             |        -|      -|       -|       -|    -|
|Instance         |        -|      4|     520|     494|    -|
|Memory           |        -|      -|       -|       -|    -|
|Multiplexer      |        -|      -|       -|     360|    -|
|Register         |        -|      -|     574|       -|    -|
+-----------------+---------+-------+--------+--------+-----+
|Total            |        0|      4|    1094|    1183|    0|
+-----------------+---------+-------+--------+--------+-----+
|Available        |      650|    600|  202800|  101400|    0|
+-----------------+---------+-------+--------+--------+-----+
|Utilization (%)  |        0|   ~0  |   ~0   |       1|    0|
+-----------------+---------+-------+--------+--------+-----+

+ Detail: 
    * Instance: 
    +-------------------------+----------------------+---------+-------+-----+-----+-----+
    |         Instance        |        Module        | BRAM_18K| DSP48E|  FF | LUT | URAM|
    +-------------------------+----------------------+---------+-------+-----+-----+-----+
    |kernel7_faddfsub_bkb_U1  |kernel7_faddfsub_bkb  |        0|      2|  227|  214|    0|
    |kernel7_fcmp_32nsdEe_U3  |kernel7_fcmp_32nsdEe  |        0|      0|   66|   66|    0|
    |kernel7_fsub_32nscud_U2  |kernel7_fsub_32nscud  |        0|      2|  227|  214|    0|
    +-------------------------+----------------------+---------+-------+-----+-----+-----+
    |Total                    |                      |        0|      4|  520|  494|    0|
    +-------------------------+----------------------+---------+-------+-----+-----+-----+

    * DSP48E: 
    N/A

    * Memory: 
    N/A

    * FIFO: 
    N/A

    * Expression: 
    +-----------------------+----------+-------+---+----+------------+------------+
    |     Variable Name     | Operation| DSP48E| FF| LUT| Bitwidth P0| Bitwidth P1|
    +-----------------------+----------+-------+---+----+------------+------------+
    |i_fu_274_p2            |     +    |      0|  0|  18|           1|          11|
    |and_ln16_fu_284_p2     |    and   |      0|  0|   6|           1|           1|
    |and_ln22_fu_331_p2     |    and   |      0|  0|   6|           1|           1|
    |and_ln24_fu_378_p2     |    and   |      0|  0|   6|           1|           1|
    |and_ln26_fu_424_p2     |    and   |      0|  0|   6|           1|           1|
    |icmp_ln12_fu_232_p2    |   icmp   |      0|  0|  13|          11|          12|
    |icmp_ln16_1_fu_268_p2  |   icmp   |      0|  0|  18|          23|           1|
    |icmp_ln16_fu_262_p2    |   icmp   |      0|  0|  11|           8|           2|
    |icmp_ln22_1_fu_321_p2  |   icmp   |      0|  0|  18|          23|           1|
    |icmp_ln22_fu_315_p2    |   icmp   |      0|  0|  11|           8|           2|
    |icmp_ln24_1_fu_368_p2  |   icmp   |      0|  0|  18|          23|           1|
    |icmp_ln24_fu_362_p2    |   icmp   |      0|  0|  11|           8|           2|
    |icmp_ln26_1_fu_414_p2  |   icmp   |      0|  0|  18|          23|           1|
    |icmp_ln26_fu_408_p2    |   icmp   |      0|  0|  11|           8|           2|
    |or_ln16_fu_280_p2      |    or    |      0|  0|   6|           1|           1|
    |or_ln22_fu_327_p2      |    or    |      0|  0|   6|           1|           1|
    |or_ln24_fu_374_p2      |    or    |      0|  0|   6|           1|           1|
    |or_ln26_fu_420_p2      |    or    |      0|  0|   6|           1|           1|
    |ap_return              |  select  |      0|  0|  32|           1|          32|
    |sum_1_fu_336_p3        |  select  |      0|  0|  32|           1|          32|
    |sum_3_fu_383_p3        |  select  |      0|  0|  32|           1|          32|
    |sum_7_fu_289_p3        |  select  |      0|  0|  32|           1|          32|
    |ap_enable_pp0          |    xor   |      0|  0|   6|           1|           2|
    +-----------------------+----------+-------+---+----+------------+------------+
    |Total                  |          |      0|  0| 329|         149|         173|
    +-----------------------+----------+-------+---+----+------------+------------+

    * Multiplexer: 
    +------------------------------+-----+-----------+-----+-----------+
    |             Name             | LUT | Input Size| Bits| Total Bits|
    +------------------------------+-----+-----------+-----+-----------+
    |a_address0                    |   15|          3|   10|         30|
    |a_address1                    |   15|          3|   10|         30|
    |ap_NS_fsm                     |  117|         25|    1|         25|
    |ap_enable_reg_pp0_iter1       |    9|          2|    1|          2|
    |ap_phi_mux_i_0_phi_fu_148_p4  |    9|          2|   11|         22|
    |b_address0                    |   15|          3|   10|         30|
    |b_address1                    |   15|          3|   10|         30|
    |diff1_0_reg_166               |    9|          2|   32|         64|
    |diff1_1_reg_156               |    9|          2|   32|         64|
    |diff2_1_reg_189               |    9|          2|   32|         64|
    |grp_fu_200_opcode             |   15|          3|    2|          6|
    |grp_fu_200_p0                 |   33|          6|   32|        192|
    |grp_fu_200_p1                 |   33|          6|   32|        192|
    |grp_fu_212_p0                 |   21|          4|   32|        128|
    |i_0_reg_144                   |    9|          2|   11|         22|
    |reg_220                       |    9|          2|   32|         64|
    |reg_226                       |    9|          2|   32|         64|
    |sum_0_reg_177                 |    9|          2|   32|         64|
    +------------------------------+-----+-----------+-----+-----------+
    |Total                         |  360|         74|  354|       1093|
    +------------------------------+-----+-----------+-----+-----------+

    * Register: 
    +---------------------------------+----+----+-----+-----------+
    |               Name              | FF | LUT| Bits| Const Bits|
    +---------------------------------+----+----+-----+-----------+
    |a_load_1_reg_466                 |  32|   0|   32|          0|
    |a_load_2_reg_476                 |  32|   0|   32|          0|
    |ap_CS_fsm                        |  24|   0|   24|          0|
    |ap_enable_reg_pp0_iter0          |   1|   0|    1|          0|
    |ap_enable_reg_pp0_iter1          |   1|   0|    1|          0|
    |b_load_1_reg_471                 |  32|   0|   32|          0|
    |b_load_2_reg_481                 |  32|   0|   32|          0|
    |diff1_0_reg_166                  |  32|   0|   32|          0|
    |diff1_1_reg_156                  |  32|   0|   32|          0|
    |diff1_reg_486                    |  32|   0|   32|          0|
    |diff2_1_reg_189                  |  32|   0|   32|          0|
    |diff2_reg_491                    |  32|   0|   32|          0|
    |diff3_reg_496                    |  32|   0|   32|          0|
    |diff4_reg_535                    |  32|   0|   32|          0|
    |i_0_reg_144                      |  11|   0|   11|          0|
    |i_reg_525                        |  11|   0|   11|          0|
    |icmp_ln12_reg_501                |   1|   0|    1|          0|
    |icmp_ln12_reg_501_pp0_iter1_reg  |   1|   0|    1|          0|
    |icmp_ln16_1_reg_520              |   1|   0|    1|          0|
    |icmp_ln16_reg_515                |   1|   0|    1|          0|
    |icmp_ln22_1_reg_550              |   1|   0|    1|          0|
    |icmp_ln22_reg_545                |   1|   0|    1|          0|
    |icmp_ln24_1_reg_571              |   1|   0|    1|          0|
    |icmp_ln24_reg_566                |   1|   0|    1|          0|
    |icmp_ln26_1_reg_592              |   1|   0|    1|          0|
    |icmp_ln26_reg_587                |   1|   0|    1|          0|
    |reg_220                          |  32|   0|   32|          0|
    |reg_226                          |  32|   0|   32|          0|
    |sum_0_reg_177                    |  32|   0|   32|          0|
    |sum_1_reg_560                    |  32|   0|   32|          0|
    |sum_3_reg_581                    |  32|   0|   32|          0|
    |tmp_1_reg_555                    |   1|   0|    1|          0|
    |tmp_4_reg_576                    |   1|   0|    1|          0|
    |tmp_6_reg_597                    |   1|   0|    1|          0|
    |tmp_8_reg_530                    |   1|   0|    1|          0|
    +---------------------------------+----+----+-----+-----------+
    |Total                            | 574|   0|  574|          0|
    +---------------------------------+----+----+-----+-----------+



================================================================
== Interface
================================================================
* Summary: 
+------------+-----+-----+------------+--------------+--------------+
|  RTL Ports | Dir | Bits|  Protocol  | Source Object|    C Type    |
+------------+-----+-----+------------+--------------+--------------+
|ap_clk      |  in |    1| ap_ctrl_hs |    kernel7   | return value |
|ap_rst      |  in |    1| ap_ctrl_hs |    kernel7   | return value |
|ap_start    |  in |    1| ap_ctrl_hs |    kernel7   | return value |
|ap_done     | out |    1| ap_ctrl_hs |    kernel7   | return value |
|ap_idle     | out |    1| ap_ctrl_hs |    kernel7   | return value |
|ap_ready    | out |    1| ap_ctrl_hs |    kernel7   | return value |
|ap_return   | out |   32| ap_ctrl_hs |    kernel7   | return value |
|a_address0  | out |   10|  ap_memory |       a      |     array    |
|a_ce0       | out |    1|  ap_memory |       a      |     array    |
|a_q0        |  in |   32|  ap_memory |       a      |     array    |
|a_address1  | out |   10|  ap_memory |       a      |     array    |
|a_ce1       | out |    1|  ap_memory |       a      |     array    |
|a_q1        |  in |   32|  ap_memory |       a      |     array    |
|b_address0  | out |   10|  ap_memory |       b      |     array    |
|b_ce0       | out |    1|  ap_memory |       b      |     array    |
|b_q0        |  in |   32|  ap_memory |       b      |     array    |
|b_address1  | out |   10|  ap_memory |       b      |     array    |
|b_ce1       | out |    1|  ap_memory |       b      |     array    |
|b_q1        |  in |   32|  ap_memory |       b      |     array    |
+------------+-----+-----+------------+--------------+--------------+

