

================================================================
== Vivado HLS Report for 'kernel3'
================================================================
* Date:           Tue May 11 10:32:19 2021

* Version:        2019.2 (Build 2704478 on Wed Nov 06 22:10:23 MST 2019)
* Project:        prj_kernel3
* Solution:       solution3
* Product family: kintex7
* Target device:  xc7k160t-fbg484-1


================================================================
== Performance Estimates
================================================================
+ Timing: 
    * Summary: 
    +--------+----------+----------+------------+
    |  Clock |  Target  | Estimated| Uncertainty|
    +--------+----------+----------+------------+
    |ap_clk  | 10.00 ns | 9.267 ns |   1.25 ns  |
    +--------+----------+----------+------------+

+ Latency: 
    * Summary: 
    +---------+---------+-----------+-----------+------+------+---------+
    |  Latency (cycles) |   Latency (absolute)  |   Interval  | Pipeline|
    |   min   |   max   |    min    |    max    |  min |  max |   Type  |
    +---------+---------+-----------+-----------+------+------+---------+
    |     7168|     7168| 71.680 us | 71.680 us |  7168|  7168|   none  |
    +---------+---------+-----------+-----------+------+------+---------+

    + Detail: 
        * Instance: 
        N/A

        * Loop: 
        N/A



================================================================
== Utilization Estimates
================================================================
* Summary: 
+-----------------+---------+-------+--------+--------+-----+
|       Name      | BRAM_18K| DSP48E|   FF   |   LUT  | URAM|
+-----------------+---------+-------+--------+--------+-----+
|DSP              |        -|      -|       -|       -|    -|
|Expression       |        -|      -|       -|       -|    -|
|FIFO             |        -|      -|       -|       -|    -|
|Instance         |        -|      2|     227|     214|    -|
|Memory           |        -|      -|       -|       -|    -|
|Multiplexer      |        -|      -|       -|   10965|    -|
|Register         |        -|      -|   17505|       -|    -|
+-----------------+---------+-------+--------+--------+-----+
|Total            |        0|      2|   17732|   11179|    0|
+-----------------+---------+-------+--------+--------+-----+
|Available        |      650|    600|  202800|  101400|    0|
+-----------------+---------+-------+--------+--------+-----+
|Utilization (%)  |        0|   ~0  |       8|      11|    0|
+-----------------+---------+-------+--------+--------+-----+

+ Detail: 
    * Instance: 
    +-------------------------+----------------------+---------+-------+-----+-----+-----+
    |         Instance        |        Module        | BRAM_18K| DSP48E|  FF | LUT | URAM|
    +-------------------------+----------------------+---------+-------+-----+-----+-----+
    |kernel3_fadd_32nsbkb_U1  |kernel3_fadd_32nsbkb  |        0|      2|  227|  214|    0|
    +-------------------------+----------------------+---------+-------+-----+-----+-----+
    |Total                    |                      |        0|      2|  227|  214|    0|
    +-------------------------+----------------------+---------+-------+-----+-----+-----+

    * DSP48E: 
    N/A

    * Memory: 
    N/A

    * FIFO: 
    N/A

    * Expression: 
    N/A

    * Multiplexer: 
    +-----------------+------+-----------+-----+-----------+
    |       Name      |  LUT | Input Size| Bits| Total Bits|
    +-----------------+------+-----------+-----+-----------+
    |ap_NS_fsm        |  2193|       7170|    1|       7170|
    |hist_address0    |  2193|       1933|   10|      19330|
    |index_address0   |  2193|        513|   10|       5130|
    |index_address1   |  2193|        513|   10|       5130|
    |weight_address0  |  2193|       1025|   10|      10250|
    +-----------------+------+-----------+-----+-----------+
    |Total            | 10965|      11154|   41|      47010|
    +-----------------+------+-----------+-----+-----------+

    * Register: 
    +--------------------------+------+----+------+-----------+
    |           Name           |  FF  | LUT| Bits | Const Bits|
    +--------------------------+------+----+------+-----------+
    |ap_CS_fsm                 |  7169|   0|  7169|          0|
    |hist_addr_1000_reg_48731  |    10|   0|    10|          0|
    |hist_addr_1001_reg_48746  |    10|   0|    10|          0|
    |hist_addr_1002_reg_48761  |    10|   0|    10|          0|
    |hist_addr_1003_reg_48776  |    10|   0|    10|          0|
    |hist_addr_1004_reg_48791  |    10|   0|    10|          0|
    |hist_addr_1005_reg_48806  |    10|   0|    10|          0|
    |hist_addr_1006_reg_48821  |    10|   0|    10|          0|
    |hist_addr_1007_reg_48836  |    10|   0|    10|          0|
    |hist_addr_1008_reg_48851  |    10|   0|    10|          0|
    |hist_addr_1009_reg_48866  |    10|   0|    10|          0|
    |hist_addr_100_reg_35231   |    10|   0|    10|          0|
    |hist_addr_1010_reg_48881  |    10|   0|    10|          0|
    |hist_addr_1011_reg_48896  |    10|   0|    10|          0|
    |hist_addr_1012_reg_48911  |    10|   0|    10|          0|
    |hist_addr_1013_reg_48926  |    10|   0|    10|          0|
    |hist_addr_1014_reg_48941  |    10|   0|    10|          0|
    |hist_addr_1015_reg_48956  |    10|   0|    10|          0|
    |hist_addr_1016_reg_48971  |    10|   0|    10|          0|
    |hist_addr_1017_reg_48986  |    10|   0|    10|          0|
    |hist_addr_1018_reg_49001  |    10|   0|    10|          0|
    |hist_addr_1019_reg_49016  |    10|   0|    10|          0|
    |hist_addr_101_reg_35246   |    10|   0|    10|          0|
    |hist_addr_1020_reg_49031  |    10|   0|    10|          0|
    |hist_addr_1021_reg_49046  |    10|   0|    10|          0|
    |hist_addr_1022_reg_49061  |    10|   0|    10|          0|
    |hist_addr_1023_reg_49076  |    10|   0|    10|          0|
    |hist_addr_102_reg_35261   |    10|   0|    10|          0|
    |hist_addr_103_reg_35276   |    10|   0|    10|          0|
    |hist_addr_104_reg_35291   |    10|   0|    10|          0|
    |hist_addr_105_reg_35306   |    10|   0|    10|          0|
    |hist_addr_106_reg_35321   |    10|   0|    10|          0|
    |hist_addr_107_reg_35336   |    10|   0|    10|          0|
    |hist_addr_108_reg_35351   |    10|   0|    10|          0|
    |hist_addr_109_reg_35366   |    10|   0|    10|          0|
    |hist_addr_10_reg_33881    |    10|   0|    10|          0|
    |hist_addr_110_reg_35381   |    10|   0|    10|          0|
    |hist_addr_111_reg_35396   |    10|   0|    10|          0|
    |hist_addr_112_reg_35411   |    10|   0|    10|          0|
    |hist_addr_113_reg_35426   |    10|   0|    10|          0|
    |hist_addr_114_reg_35441   |    10|   0|    10|          0|
    |hist_addr_115_reg_35456   |    10|   0|    10|          0|
    |hist_addr_116_reg_35471   |    10|   0|    10|          0|
    |hist_addr_117_reg_35486   |    10|   0|    10|          0|
    |hist_addr_118_reg_35501   |    10|   0|    10|          0|
    |hist_addr_119_reg_35516   |    10|   0|    10|          0|
    |hist_addr_11_reg_33896    |    10|   0|    10|          0|
    |hist_addr_120_reg_35531   |    10|   0|    10|          0|
    |hist_addr_121_reg_35546   |    10|   0|    10|          0|
    |hist_addr_122_reg_35561   |    10|   0|    10|          0|
    |hist_addr_123_reg_35576   |    10|   0|    10|          0|
    |hist_addr_124_reg_35591   |    10|   0|    10|          0|
    |hist_addr_125_reg_35606   |    10|   0|    10|          0|
    |hist_addr_126_reg_35621   |    10|   0|    10|          0|
    |hist_addr_127_reg_35636   |    10|   0|    10|          0|
    |hist_addr_128_reg_35651   |    10|   0|    10|          0|
    |hist_addr_129_reg_35666   |    10|   0|    10|          0|
    |hist_addr_12_reg_33921    |    10|   0|    10|          0|
    |hist_addr_130_reg_35681   |    10|   0|    10|          0|
    |hist_addr_131_reg_35696   |    10|   0|    10|          0|
    |hist_addr_132_reg_35711   |    10|   0|    10|          0|
    |hist_addr_133_reg_35726   |    10|   0|    10|          0|
    |hist_addr_134_reg_35741   |    10|   0|    10|          0|
    |hist_addr_135_reg_35756   |    10|   0|    10|          0|
    |hist_addr_136_reg_35771   |    10|   0|    10|          0|
    |hist_addr_137_reg_35786   |    10|   0|    10|          0|
    |hist_addr_138_reg_35801   |    10|   0|    10|          0|
    |hist_addr_139_reg_35816   |    10|   0|    10|          0|
    |hist_addr_13_reg_33911    |    10|   0|    10|          0|
    |hist_addr_140_reg_35831   |    10|   0|    10|          0|
    |hist_addr_141_reg_35846   |    10|   0|    10|          0|
    |hist_addr_142_reg_35861   |    10|   0|    10|          0|
    |hist_addr_143_reg_35876   |    10|   0|    10|          0|
    |hist_addr_144_reg_35891   |    10|   0|    10|          0|
    |hist_addr_145_reg_35906   |    10|   0|    10|          0|
    |hist_addr_146_reg_35921   |    10|   0|    10|          0|
    |hist_addr_147_reg_35936   |    10|   0|    10|          0|
    |hist_addr_148_reg_35951   |    10|   0|    10|          0|
    |hist_addr_149_reg_35966   |    10|   0|    10|          0|
    |hist_addr_14_reg_33941    |    10|   0|    10|          0|
    |hist_addr_150_reg_35981   |    10|   0|    10|          0|
    |hist_addr_151_reg_35996   |    10|   0|    10|          0|
    |hist_addr_152_reg_36011   |    10|   0|    10|          0|
    |hist_addr_153_reg_36026   |    10|   0|    10|          0|
    |hist_addr_154_reg_36041   |    10|   0|    10|          0|
    |hist_addr_155_reg_36056   |    10|   0|    10|          0|
    |hist_addr_156_reg_36071   |    10|   0|    10|          0|
    |hist_addr_157_reg_36086   |    10|   0|    10|          0|
    |hist_addr_158_reg_36101   |    10|   0|    10|          0|
    |hist_addr_159_reg_36116   |    10|   0|    10|          0|
    |hist_addr_15_reg_33956    |    10|   0|    10|          0|
    |hist_addr_160_reg_36131   |    10|   0|    10|          0|
    |hist_addr_161_reg_36146   |    10|   0|    10|          0|
    |hist_addr_162_reg_36161   |    10|   0|    10|          0|
    |hist_addr_163_reg_36176   |    10|   0|    10|          0|
    |hist_addr_164_reg_36191   |    10|   0|    10|          0|
    |hist_addr_165_reg_36206   |    10|   0|    10|          0|
    |hist_addr_166_reg_36221   |    10|   0|    10|          0|
    |hist_addr_167_reg_36236   |    10|   0|    10|          0|
    |hist_addr_168_reg_36251   |    10|   0|    10|          0|
    |hist_addr_169_reg_36266   |    10|   0|    10|          0|
    |hist_addr_16_reg_33971    |    10|   0|    10|          0|
    |hist_addr_170_reg_36281   |    10|   0|    10|          0|
    |hist_addr_171_reg_36296   |    10|   0|    10|          0|
    |hist_addr_172_reg_36311   |    10|   0|    10|          0|
    |hist_addr_173_reg_36326   |    10|   0|    10|          0|
    |hist_addr_174_reg_36341   |    10|   0|    10|          0|
    |hist_addr_175_reg_36356   |    10|   0|    10|          0|
    |hist_addr_176_reg_36371   |    10|   0|    10|          0|
    |hist_addr_177_reg_36386   |    10|   0|    10|          0|
    |hist_addr_178_reg_36401   |    10|   0|    10|          0|
    |hist_addr_179_reg_36416   |    10|   0|    10|          0|
    |hist_addr_17_reg_33986    |    10|   0|    10|          0|
    |hist_addr_180_reg_36431   |    10|   0|    10|          0|
    |hist_addr_181_reg_36446   |    10|   0|    10|          0|
    |hist_addr_182_reg_36461   |    10|   0|    10|          0|
    |hist_addr_183_reg_36476   |    10|   0|    10|          0|
    |hist_addr_184_reg_36491   |    10|   0|    10|          0|
    |hist_addr_185_reg_36506   |    10|   0|    10|          0|
    |hist_addr_186_reg_36521   |    10|   0|    10|          0|
    |hist_addr_187_reg_36536   |    10|   0|    10|          0|
    |hist_addr_188_reg_36551   |    10|   0|    10|          0|
    |hist_addr_189_reg_36566   |    10|   0|    10|          0|
    |hist_addr_18_reg_34001    |    10|   0|    10|          0|
    |hist_addr_190_reg_36581   |    10|   0|    10|          0|
    |hist_addr_191_reg_36596   |    10|   0|    10|          0|
    |hist_addr_192_reg_36611   |    10|   0|    10|          0|
    |hist_addr_193_reg_36626   |    10|   0|    10|          0|
    |hist_addr_194_reg_36641   |    10|   0|    10|          0|
    |hist_addr_195_reg_36656   |    10|   0|    10|          0|
    |hist_addr_196_reg_36671   |    10|   0|    10|          0|
    |hist_addr_197_reg_36686   |    10|   0|    10|          0|
    |hist_addr_198_reg_36701   |    10|   0|    10|          0|
    |hist_addr_199_reg_36716   |    10|   0|    10|          0|
    |hist_addr_19_reg_34026    |    10|   0|    10|          0|
    |hist_addr_1_reg_33746     |    10|   0|    10|          0|
    |hist_addr_200_reg_36731   |    10|   0|    10|          0|
    |hist_addr_201_reg_36746   |    10|   0|    10|          0|
    |hist_addr_202_reg_36761   |    10|   0|    10|          0|
    |hist_addr_203_reg_36776   |    10|   0|    10|          0|
    |hist_addr_204_reg_36791   |    10|   0|    10|          0|
    |hist_addr_205_reg_36806   |    10|   0|    10|          0|
    |hist_addr_206_reg_36821   |    10|   0|    10|          0|
    |hist_addr_207_reg_36836   |    10|   0|    10|          0|
    |hist_addr_208_reg_36851   |    10|   0|    10|          0|
    |hist_addr_209_reg_36866   |    10|   0|    10|          0|
    |hist_addr_20_reg_34016    |    10|   0|    10|          0|
    |hist_addr_210_reg_36881   |    10|   0|    10|          0|
    |hist_addr_211_reg_36896   |    10|   0|    10|          0|
    |hist_addr_212_reg_36911   |    10|   0|    10|          0|
    |hist_addr_213_reg_36926   |    10|   0|    10|          0|
    |hist_addr_214_reg_36941   |    10|   0|    10|          0|
    |hist_addr_215_reg_36956   |    10|   0|    10|          0|
    |hist_addr_216_reg_36971   |    10|   0|    10|          0|
    |hist_addr_217_reg_36986   |    10|   0|    10|          0|
    |hist_addr_218_reg_37001   |    10|   0|    10|          0|
    |hist_addr_219_reg_37016   |    10|   0|    10|          0|
    |hist_addr_21_reg_34046    |    10|   0|    10|          0|
    |hist_addr_220_reg_37031   |    10|   0|    10|          0|
    |hist_addr_221_reg_37046   |    10|   0|    10|          0|
    |hist_addr_222_reg_37061   |    10|   0|    10|          0|
    |hist_addr_223_reg_37076   |    10|   0|    10|          0|
    |hist_addr_224_reg_37091   |    10|   0|    10|          0|
    |hist_addr_225_reg_37106   |    10|   0|    10|          0|
    |hist_addr_226_reg_37121   |    10|   0|    10|          0|
    |hist_addr_227_reg_37136   |    10|   0|    10|          0|
    |hist_addr_228_reg_37151   |    10|   0|    10|          0|
    |hist_addr_229_reg_37166   |    10|   0|    10|          0|
    |hist_addr_22_reg_34061    |    10|   0|    10|          0|
    |hist_addr_230_reg_37181   |    10|   0|    10|          0|
    |hist_addr_231_reg_37196   |    10|   0|    10|          0|
    |hist_addr_232_reg_37211   |    10|   0|    10|          0|
    |hist_addr_233_reg_37226   |    10|   0|    10|          0|
    |hist_addr_234_reg_37241   |    10|   0|    10|          0|
    |hist_addr_235_reg_37256   |    10|   0|    10|          0|
    |hist_addr_236_reg_37271   |    10|   0|    10|          0|
    |hist_addr_237_reg_37286   |    10|   0|    10|          0|
    |hist_addr_238_reg_37301   |    10|   0|    10|          0|
    |hist_addr_239_reg_37316   |    10|   0|    10|          0|
    |hist_addr_23_reg_34086    |    10|   0|    10|          0|
    |hist_addr_240_reg_37331   |    10|   0|    10|          0|
    |hist_addr_241_reg_37346   |    10|   0|    10|          0|
    |hist_addr_242_reg_37361   |    10|   0|    10|          0|
    |hist_addr_243_reg_37376   |    10|   0|    10|          0|
    |hist_addr_244_reg_37391   |    10|   0|    10|          0|
    |hist_addr_245_reg_37406   |    10|   0|    10|          0|
    |hist_addr_246_reg_37421   |    10|   0|    10|          0|
    |hist_addr_247_reg_37436   |    10|   0|    10|          0|
    |hist_addr_248_reg_37451   |    10|   0|    10|          0|
    |hist_addr_249_reg_37466   |    10|   0|    10|          0|
    |hist_addr_24_reg_34076    |    10|   0|    10|          0|
    |hist_addr_250_reg_37481   |    10|   0|    10|          0|
    |hist_addr_251_reg_37496   |    10|   0|    10|          0|
    |hist_addr_252_reg_37511   |    10|   0|    10|          0|
    |hist_addr_253_reg_37526   |    10|   0|    10|          0|
    |hist_addr_254_reg_37541   |    10|   0|    10|          0|
    |hist_addr_255_reg_37556   |    10|   0|    10|          0|
    |hist_addr_256_reg_37571   |    10|   0|    10|          0|
    |hist_addr_257_reg_37586   |    10|   0|    10|          0|
    |hist_addr_258_reg_37601   |    10|   0|    10|          0|
    |hist_addr_259_reg_37616   |    10|   0|    10|          0|
    |hist_addr_25_reg_34101    |    10|   0|    10|          0|
    |hist_addr_260_reg_37631   |    10|   0|    10|          0|
    |hist_addr_261_reg_37646   |    10|   0|    10|          0|
    |hist_addr_262_reg_37661   |    10|   0|    10|          0|
    |hist_addr_263_reg_37676   |    10|   0|    10|          0|
    |hist_addr_264_reg_37691   |    10|   0|    10|          0|
    |hist_addr_265_reg_37706   |    10|   0|    10|          0|
    |hist_addr_266_reg_37721   |    10|   0|    10|          0|
    |hist_addr_267_reg_37736   |    10|   0|    10|          0|
    |hist_addr_268_reg_37751   |    10|   0|    10|          0|
    |hist_addr_269_reg_37766   |    10|   0|    10|          0|
    |hist_addr_26_reg_34121    |    10|   0|    10|          0|
    |hist_addr_270_reg_37781   |    10|   0|    10|          0|
    |hist_addr_271_reg_37796   |    10|   0|    10|          0|
    |hist_addr_272_reg_37811   |    10|   0|    10|          0|
    |hist_addr_273_reg_37826   |    10|   0|    10|          0|
    |hist_addr_274_reg_37841   |    10|   0|    10|          0|
    |hist_addr_275_reg_37856   |    10|   0|    10|          0|
    |hist_addr_276_reg_37871   |    10|   0|    10|          0|
    |hist_addr_277_reg_37886   |    10|   0|    10|          0|
    |hist_addr_278_reg_37901   |    10|   0|    10|          0|
    |hist_addr_279_reg_37916   |    10|   0|    10|          0|
    |hist_addr_27_reg_34136    |    10|   0|    10|          0|
    |hist_addr_280_reg_37931   |    10|   0|    10|          0|
    |hist_addr_281_reg_37946   |    10|   0|    10|          0|
    |hist_addr_282_reg_37961   |    10|   0|    10|          0|
    |hist_addr_283_reg_37976   |    10|   0|    10|          0|
    |hist_addr_284_reg_37991   |    10|   0|    10|          0|
    |hist_addr_285_reg_38006   |    10|   0|    10|          0|
    |hist_addr_286_reg_38021   |    10|   0|    10|          0|
    |hist_addr_287_reg_38036   |    10|   0|    10|          0|
    |hist_addr_288_reg_38051   |    10|   0|    10|          0|
    |hist_addr_289_reg_38066   |    10|   0|    10|          0|
    |hist_addr_28_reg_34151    |    10|   0|    10|          0|
    |hist_addr_290_reg_38081   |    10|   0|    10|          0|
    |hist_addr_291_reg_38096   |    10|   0|    10|          0|
    |hist_addr_292_reg_38111   |    10|   0|    10|          0|
    |hist_addr_293_reg_38126   |    10|   0|    10|          0|
    |hist_addr_294_reg_38141   |    10|   0|    10|          0|
    |hist_addr_295_reg_38156   |    10|   0|    10|          0|
    |hist_addr_296_reg_38171   |    10|   0|    10|          0|
    |hist_addr_297_reg_38186   |    10|   0|    10|          0|
    |hist_addr_298_reg_38201   |    10|   0|    10|          0|
    |hist_addr_299_reg_38216   |    10|   0|    10|          0|
    |hist_addr_29_reg_34166    |    10|   0|    10|          0|
    |hist_addr_2_reg_33761     |    10|   0|    10|          0|
    |hist_addr_300_reg_38231   |    10|   0|    10|          0|
    |hist_addr_301_reg_38246   |    10|   0|    10|          0|
    |hist_addr_302_reg_38261   |    10|   0|    10|          0|
    |hist_addr_303_reg_38276   |    10|   0|    10|          0|
    |hist_addr_304_reg_38291   |    10|   0|    10|          0|
    |hist_addr_305_reg_38306   |    10|   0|    10|          0|
    |hist_addr_306_reg_38321   |    10|   0|    10|          0|
    |hist_addr_307_reg_38336   |    10|   0|    10|          0|
    |hist_addr_308_reg_38351   |    10|   0|    10|          0|
    |hist_addr_309_reg_38366   |    10|   0|    10|          0|
    |hist_addr_30_reg_34181    |    10|   0|    10|          0|
    |hist_addr_310_reg_38381   |    10|   0|    10|          0|
    |hist_addr_311_reg_38396   |    10|   0|    10|          0|
    |hist_addr_312_reg_38411   |    10|   0|    10|          0|
    |hist_addr_313_reg_38426   |    10|   0|    10|          0|
    |hist_addr_314_reg_38441   |    10|   0|    10|          0|
    |hist_addr_315_reg_38456   |    10|   0|    10|          0|
    |hist_addr_316_reg_38471   |    10|   0|    10|          0|
    |hist_addr_317_reg_38486   |    10|   0|    10|          0|
    |hist_addr_318_reg_38501   |    10|   0|    10|          0|
    |hist_addr_319_reg_38516   |    10|   0|    10|          0|
    |hist_addr_31_reg_34206    |    10|   0|    10|          0|
    |hist_addr_320_reg_38531   |    10|   0|    10|          0|
    |hist_addr_321_reg_38546   |    10|   0|    10|          0|
    |hist_addr_322_reg_38561   |    10|   0|    10|          0|
    |hist_addr_323_reg_38576   |    10|   0|    10|          0|
    |hist_addr_324_reg_38591   |    10|   0|    10|          0|
    |hist_addr_325_reg_38606   |    10|   0|    10|          0|
    |hist_addr_326_reg_38621   |    10|   0|    10|          0|
    |hist_addr_327_reg_38636   |    10|   0|    10|          0|
    |hist_addr_328_reg_38651   |    10|   0|    10|          0|
    |hist_addr_329_reg_38666   |    10|   0|    10|          0|
    |hist_addr_32_reg_34196    |    10|   0|    10|          0|
    |hist_addr_330_reg_38681   |    10|   0|    10|          0|
    |hist_addr_331_reg_38696   |    10|   0|    10|          0|
    |hist_addr_332_reg_38711   |    10|   0|    10|          0|
    |hist_addr_333_reg_38726   |    10|   0|    10|          0|
    |hist_addr_334_reg_38741   |    10|   0|    10|          0|
    |hist_addr_335_reg_38756   |    10|   0|    10|          0|
    |hist_addr_336_reg_38771   |    10|   0|    10|          0|
    |hist_addr_337_reg_38786   |    10|   0|    10|          0|
    |hist_addr_338_reg_38801   |    10|   0|    10|          0|
    |hist_addr_339_reg_38816   |    10|   0|    10|          0|
    |hist_addr_33_reg_34226    |    10|   0|    10|          0|
    |hist_addr_340_reg_38831   |    10|   0|    10|          0|
    |hist_addr_341_reg_38846   |    10|   0|    10|          0|
    |hist_addr_342_reg_38861   |    10|   0|    10|          0|
    |hist_addr_343_reg_38876   |    10|   0|    10|          0|
    |hist_addr_344_reg_38891   |    10|   0|    10|          0|
    |hist_addr_345_reg_38906   |    10|   0|    10|          0|
    |hist_addr_346_reg_38921   |    10|   0|    10|          0|
    |hist_addr_347_reg_38936   |    10|   0|    10|          0|
    |hist_addr_348_reg_38951   |    10|   0|    10|          0|
    |hist_addr_349_reg_38966   |    10|   0|    10|          0|
    |hist_addr_34_reg_34241    |    10|   0|    10|          0|
    |hist_addr_350_reg_38981   |    10|   0|    10|          0|
    |hist_addr_351_reg_38996   |    10|   0|    10|          0|
    |hist_addr_352_reg_39011   |    10|   0|    10|          0|
    |hist_addr_353_reg_39026   |    10|   0|    10|          0|
    |hist_addr_354_reg_39041   |    10|   0|    10|          0|
    |hist_addr_355_reg_39056   |    10|   0|    10|          0|
    |hist_addr_356_reg_39071   |    10|   0|    10|          0|
    |hist_addr_357_reg_39086   |    10|   0|    10|          0|
    |hist_addr_358_reg_39101   |    10|   0|    10|          0|
    |hist_addr_359_reg_39116   |    10|   0|    10|          0|
    |hist_addr_35_reg_34266    |    10|   0|    10|          0|
    |hist_addr_360_reg_39131   |    10|   0|    10|          0|
    |hist_addr_361_reg_39146   |    10|   0|    10|          0|
    |hist_addr_362_reg_39161   |    10|   0|    10|          0|
    |hist_addr_363_reg_39176   |    10|   0|    10|          0|
    |hist_addr_364_reg_39191   |    10|   0|    10|          0|
    |hist_addr_365_reg_39206   |    10|   0|    10|          0|
    |hist_addr_366_reg_39221   |    10|   0|    10|          0|
    |hist_addr_367_reg_39236   |    10|   0|    10|          0|
    |hist_addr_368_reg_39251   |    10|   0|    10|          0|
    |hist_addr_369_reg_39266   |    10|   0|    10|          0|
    |hist_addr_36_reg_34256    |    10|   0|    10|          0|
    |hist_addr_370_reg_39281   |    10|   0|    10|          0|
    |hist_addr_371_reg_39296   |    10|   0|    10|          0|
    |hist_addr_372_reg_39311   |    10|   0|    10|          0|
    |hist_addr_373_reg_39326   |    10|   0|    10|          0|
    |hist_addr_374_reg_39341   |    10|   0|    10|          0|
    |hist_addr_375_reg_39356   |    10|   0|    10|          0|
    |hist_addr_376_reg_39371   |    10|   0|    10|          0|
    |hist_addr_377_reg_39386   |    10|   0|    10|          0|
    |hist_addr_378_reg_39401   |    10|   0|    10|          0|
    |hist_addr_379_reg_39416   |    10|   0|    10|          0|
    |hist_addr_37_reg_34286    |    10|   0|    10|          0|
    |hist_addr_380_reg_39431   |    10|   0|    10|          0|
    |hist_addr_381_reg_39446   |    10|   0|    10|          0|
    |hist_addr_382_reg_39461   |    10|   0|    10|          0|
    |hist_addr_383_reg_39476   |    10|   0|    10|          0|
    |hist_addr_384_reg_39491   |    10|   0|    10|          0|
    |hist_addr_385_reg_39506   |    10|   0|    10|          0|
    |hist_addr_386_reg_39521   |    10|   0|    10|          0|
    |hist_addr_387_reg_39536   |    10|   0|    10|          0|
    |hist_addr_388_reg_39551   |    10|   0|    10|          0|
    |hist_addr_389_reg_39566   |    10|   0|    10|          0|
    |hist_addr_38_reg_34301    |    10|   0|    10|          0|
    |hist_addr_390_reg_39581   |    10|   0|    10|          0|
    |hist_addr_391_reg_39596   |    10|   0|    10|          0|
    |hist_addr_392_reg_39611   |    10|   0|    10|          0|
    |hist_addr_393_reg_39626   |    10|   0|    10|          0|
    |hist_addr_394_reg_39641   |    10|   0|    10|          0|
    |hist_addr_395_reg_39656   |    10|   0|    10|          0|
    |hist_addr_396_reg_39671   |    10|   0|    10|          0|
    |hist_addr_397_reg_39686   |    10|   0|    10|          0|
    |hist_addr_398_reg_39701   |    10|   0|    10|          0|
    |hist_addr_399_reg_39716   |    10|   0|    10|          0|
    |hist_addr_39_reg_34316    |    10|   0|    10|          0|
    |hist_addr_3_reg_33776     |    10|   0|    10|          0|
    |hist_addr_400_reg_39731   |    10|   0|    10|          0|
    |hist_addr_401_reg_39746   |    10|   0|    10|          0|
    |hist_addr_402_reg_39761   |    10|   0|    10|          0|
    |hist_addr_403_reg_39776   |    10|   0|    10|          0|
    |hist_addr_404_reg_39791   |    10|   0|    10|          0|
    |hist_addr_405_reg_39806   |    10|   0|    10|          0|
    |hist_addr_406_reg_39821   |    10|   0|    10|          0|
    |hist_addr_407_reg_39836   |    10|   0|    10|          0|
    |hist_addr_408_reg_39851   |    10|   0|    10|          0|
    |hist_addr_409_reg_39866   |    10|   0|    10|          0|
    |hist_addr_40_reg_34331    |    10|   0|    10|          0|
    |hist_addr_410_reg_39881   |    10|   0|    10|          0|
    |hist_addr_411_reg_39896   |    10|   0|    10|          0|
    |hist_addr_412_reg_39911   |    10|   0|    10|          0|
    |hist_addr_413_reg_39926   |    10|   0|    10|          0|
    |hist_addr_414_reg_39941   |    10|   0|    10|          0|
    |hist_addr_415_reg_39966   |    10|   0|    10|          0|
    |hist_addr_416_reg_39956   |    10|   0|    10|          0|
    |hist_addr_417_reg_39986   |    10|   0|    10|          0|
    |hist_addr_418_reg_40001   |    10|   0|    10|          0|
    |hist_addr_419_reg_40016   |    10|   0|    10|          0|
    |hist_addr_41_reg_34346    |    10|   0|    10|          0|
    |hist_addr_420_reg_40031   |    10|   0|    10|          0|
    |hist_addr_421_reg_40056   |    10|   0|    10|          0|
    |hist_addr_422_reg_40046   |    10|   0|    10|          0|
    |hist_addr_423_reg_40071   |    10|   0|    10|          0|
    |hist_addr_424_reg_40091   |    10|   0|    10|          0|
    |hist_addr_425_reg_40106   |    10|   0|    10|          0|
    |hist_addr_426_reg_40121   |    10|   0|    10|          0|
    |hist_addr_427_reg_40146   |    10|   0|    10|          0|
    |hist_addr_428_reg_40136   |    10|   0|    10|          0|
    |hist_addr_429_reg_40166   |    10|   0|    10|          0|
    |hist_addr_42_reg_34371    |    10|   0|    10|          0|
    |hist_addr_430_reg_40181   |    10|   0|    10|          0|
    |hist_addr_431_reg_40196   |    10|   0|    10|          0|
    |hist_addr_432_reg_40211   |    10|   0|    10|          0|
    |hist_addr_433_reg_40226   |    10|   0|    10|          0|
    |hist_addr_434_reg_40241   |    10|   0|    10|          0|
    |hist_addr_435_reg_40256   |    10|   0|    10|          0|
    |hist_addr_436_reg_40271   |    10|   0|    10|          0|
    |hist_addr_437_reg_40286   |    10|   0|    10|          0|
    |hist_addr_438_reg_40311   |    10|   0|    10|          0|
    |hist_addr_439_reg_40301   |    10|   0|    10|          0|
    |hist_addr_43_reg_34361    |    10|   0|    10|          0|
    |hist_addr_440_reg_40331   |    10|   0|    10|          0|
    |hist_addr_441_reg_40346   |    10|   0|    10|          0|
    |hist_addr_442_reg_40361   |    10|   0|    10|          0|
    |hist_addr_443_reg_40376   |    10|   0|    10|          0|
    |hist_addr_444_reg_40391   |    10|   0|    10|          0|
    |hist_addr_445_reg_40406   |    10|   0|    10|          0|
    |hist_addr_446_reg_40421   |    10|   0|    10|          0|
    |hist_addr_447_reg_40436   |    10|   0|    10|          0|
    |hist_addr_448_reg_40451   |    10|   0|    10|          0|
    |hist_addr_449_reg_40466   |    10|   0|    10|          0|
    |hist_addr_44_reg_34391    |    10|   0|    10|          0|
    |hist_addr_450_reg_40481   |    10|   0|    10|          0|
    |hist_addr_451_reg_40496   |    10|   0|    10|          0|
    |hist_addr_452_reg_40511   |    10|   0|    10|          0|
    |hist_addr_453_reg_40526   |    10|   0|    10|          0|
    |hist_addr_454_reg_40551   |    10|   0|    10|          0|
    |hist_addr_455_reg_40541   |    10|   0|    10|          0|
    |hist_addr_456_reg_40566   |    10|   0|    10|          0|
    |hist_addr_457_reg_40586   |    10|   0|    10|          0|
    |hist_addr_458_reg_40601   |    10|   0|    10|          0|
    |hist_addr_459_reg_40626   |    10|   0|    10|          0|
    |hist_addr_45_reg_34406    |    10|   0|    10|          0|
    |hist_addr_460_reg_40616   |    10|   0|    10|          0|
    |hist_addr_461_reg_40646   |    10|   0|    10|          0|
    |hist_addr_462_reg_40661   |    10|   0|    10|          0|
    |hist_addr_463_reg_40676   |    10|   0|    10|          0|
    |hist_addr_464_reg_40701   |    10|   0|    10|          0|
    |hist_addr_465_reg_40691   |    10|   0|    10|          0|
    |hist_addr_466_reg_40721   |    10|   0|    10|          0|
    |hist_addr_467_reg_40736   |    10|   0|    10|          0|
    |hist_addr_468_reg_40751   |    10|   0|    10|          0|
    |hist_addr_469_reg_40766   |    10|   0|    10|          0|
    |hist_addr_46_reg_34421    |    10|   0|    10|          0|
    |hist_addr_470_reg_40781   |    10|   0|    10|          0|
    |hist_addr_471_reg_40796   |    10|   0|    10|          0|
    |hist_addr_472_reg_40811   |    10|   0|    10|          0|
    |hist_addr_473_reg_40826   |    10|   0|    10|          0|
    |hist_addr_474_reg_40841   |    10|   0|    10|          0|
    |hist_addr_475_reg_40866   |    10|   0|    10|          0|
    |hist_addr_476_reg_40856   |    10|   0|    10|          0|
    |hist_addr_477_reg_40881   |    10|   0|    10|          0|
    |hist_addr_478_reg_40901   |    10|   0|    10|          0|
    |hist_addr_479_reg_40926   |    10|   0|    10|          0|
    |hist_addr_47_reg_34436    |    10|   0|    10|          0|
    |hist_addr_480_reg_40916   |    10|   0|    10|          0|
    |hist_addr_481_reg_40941   |    10|   0|    10|          0|
    |hist_addr_482_reg_40961   |    10|   0|    10|          0|
    |hist_addr_483_reg_40976   |    10|   0|    10|          0|
    |hist_addr_484_reg_40991   |    10|   0|    10|          0|
    |hist_addr_485_reg_41006   |    10|   0|    10|          0|
    |hist_addr_486_reg_41021   |    10|   0|    10|          0|
    |hist_addr_487_reg_41046   |    10|   0|    10|          0|
    |hist_addr_488_reg_41036   |    10|   0|    10|          0|
    |hist_addr_489_reg_41061   |    10|   0|    10|          0|
    |hist_addr_48_reg_34451    |    10|   0|    10|          0|
    |hist_addr_490_reg_41081   |    10|   0|    10|          0|
    |hist_addr_491_reg_41096   |    10|   0|    10|          0|
    |hist_addr_492_reg_41121   |    10|   0|    10|          0|
    |hist_addr_493_reg_41111   |    10|   0|    10|          0|
    |hist_addr_494_reg_41136   |    10|   0|    10|          0|
    |hist_addr_495_reg_41156   |    10|   0|    10|          0|
    |hist_addr_496_reg_41171   |    10|   0|    10|          0|
    |hist_addr_497_reg_41186   |    10|   0|    10|          0|
    |hist_addr_498_reg_41201   |    10|   0|    10|          0|
    |hist_addr_499_reg_41226   |    10|   0|    10|          0|
    |hist_addr_49_reg_34466    |    10|   0|    10|          0|
    |hist_addr_4_reg_33791     |    10|   0|    10|          0|
    |hist_addr_500_reg_41216   |    10|   0|    10|          0|
    |hist_addr_501_reg_41246   |    10|   0|    10|          0|
    |hist_addr_502_reg_41271   |    10|   0|    10|          0|
    |hist_addr_503_reg_41261   |    10|   0|    10|          0|
    |hist_addr_504_reg_41291   |    10|   0|    10|          0|
    |hist_addr_505_reg_41316   |    10|   0|    10|          0|
    |hist_addr_506_reg_41306   |    10|   0|    10|          0|
    |hist_addr_507_reg_41331   |    10|   0|    10|          0|
    |hist_addr_508_reg_41351   |    10|   0|    10|          0|
    |hist_addr_509_reg_41366   |    10|   0|    10|          0|
    |hist_addr_50_reg_34481    |    10|   0|    10|          0|
    |hist_addr_510_reg_41381   |    10|   0|    10|          0|
    |hist_addr_511_reg_41396   |    10|   0|    10|          0|
    |hist_addr_512_reg_41411   |    10|   0|    10|          0|
    |hist_addr_513_reg_41426   |    10|   0|    10|          0|
    |hist_addr_514_reg_41451   |    10|   0|    10|          0|
    |hist_addr_515_reg_41441   |    10|   0|    10|          0|
    |hist_addr_516_reg_41471   |    10|   0|    10|          0|
    |hist_addr_517_reg_41496   |    10|   0|    10|          0|
    |hist_addr_518_reg_41486   |    10|   0|    10|          0|
    |hist_addr_519_reg_41516   |    10|   0|    10|          0|
    |hist_addr_51_reg_34496    |    10|   0|    10|          0|
    |hist_addr_520_reg_41531   |    10|   0|    10|          0|
    |hist_addr_521_reg_41546   |    10|   0|    10|          0|
    |hist_addr_522_reg_41571   |    10|   0|    10|          0|
    |hist_addr_523_reg_41561   |    10|   0|    10|          0|
    |hist_addr_524_reg_41591   |    10|   0|    10|          0|
    |hist_addr_525_reg_41606   |    10|   0|    10|          0|
    |hist_addr_526_reg_41621   |    10|   0|    10|          0|
    |hist_addr_527_reg_41646   |    10|   0|    10|          0|
    |hist_addr_528_reg_41636   |    10|   0|    10|          0|
    |hist_addr_529_reg_41661   |    10|   0|    10|          0|
    |hist_addr_52_reg_34511    |    10|   0|    10|          0|
    |hist_addr_530_reg_41681   |    10|   0|    10|          0|
    |hist_addr_531_reg_41696   |    10|   0|    10|          0|
    |hist_addr_532_reg_41711   |    10|   0|    10|          0|
    |hist_addr_533_reg_41726   |    10|   0|    10|          0|
    |hist_addr_534_reg_41741   |    10|   0|    10|          0|
    |hist_addr_535_reg_41756   |    10|   0|    10|          0|
    |hist_addr_536_reg_41771   |    10|   0|    10|          0|
    |hist_addr_537_reg_41796   |    10|   0|    10|          0|
    |hist_addr_538_reg_41786   |    10|   0|    10|          0|
    |hist_addr_539_reg_41811   |    10|   0|    10|          0|
    |hist_addr_53_reg_34526    |    10|   0|    10|          0|
    |hist_addr_540_reg_41831   |    10|   0|    10|          0|
    |hist_addr_541_reg_41846   |    10|   0|    10|          0|
    |hist_addr_542_reg_41861   |    10|   0|    10|          0|
    |hist_addr_543_reg_41876   |    10|   0|    10|          0|
    |hist_addr_544_reg_41891   |    10|   0|    10|          0|
    |hist_addr_545_reg_41906   |    10|   0|    10|          0|
    |hist_addr_546_reg_41921   |    10|   0|    10|          0|
    |hist_addr_547_reg_41936   |    10|   0|    10|          0|
    |hist_addr_548_reg_41961   |    10|   0|    10|          0|
    |hist_addr_549_reg_41951   |    10|   0|    10|          0|
    |hist_addr_54_reg_34541    |    10|   0|    10|          0|
    |hist_addr_550_reg_41981   |    10|   0|    10|          0|
    |hist_addr_551_reg_41996   |    10|   0|    10|          0|
    |hist_addr_552_reg_42011   |    10|   0|    10|          0|
    |hist_addr_553_reg_42026   |    10|   0|    10|          0|
    |hist_addr_554_reg_42051   |    10|   0|    10|          0|
    |hist_addr_555_reg_42041   |    10|   0|    10|          0|
    |hist_addr_556_reg_42071   |    10|   0|    10|          0|
    |hist_addr_557_reg_42086   |    10|   0|    10|          0|
    |hist_addr_558_reg_42101   |    10|   0|    10|          0|
    |hist_addr_559_reg_42126   |    10|   0|    10|          0|
    |hist_addr_55_reg_34556    |    10|   0|    10|          0|
    |hist_addr_560_reg_42116   |    10|   0|    10|          0|
    |hist_addr_561_reg_42146   |    10|   0|    10|          0|
    |hist_addr_562_reg_42161   |    10|   0|    10|          0|
    |hist_addr_563_reg_42176   |    10|   0|    10|          0|
    |hist_addr_564_reg_42191   |    10|   0|    10|          0|
    |hist_addr_565_reg_42206   |    10|   0|    10|          0|
    |hist_addr_566_reg_42231   |    10|   0|    10|          0|
    |hist_addr_567_reg_42221   |    10|   0|    10|          0|
    |hist_addr_568_reg_42246   |    10|   0|    10|          0|
    |hist_addr_569_reg_42266   |    10|   0|    10|          0|
    |hist_addr_56_reg_34571    |    10|   0|    10|          0|
    |hist_addr_570_reg_42291   |    10|   0|    10|          0|
    |hist_addr_571_reg_42281   |    10|   0|    10|          0|
    |hist_addr_572_reg_42306   |    10|   0|    10|          0|
    |hist_addr_573_reg_42326   |    10|   0|    10|          0|
    |hist_addr_574_reg_42341   |    10|   0|    10|          0|
    |hist_addr_575_reg_42356   |    10|   0|    10|          0|
    |hist_addr_576_reg_42371   |    10|   0|    10|          0|
    |hist_addr_577_reg_42386   |    10|   0|    10|          0|
    |hist_addr_578_reg_42401   |    10|   0|    10|          0|
    |hist_addr_579_reg_42416   |    10|   0|    10|          0|
    |hist_addr_57_reg_34586    |    10|   0|    10|          0|
    |hist_addr_580_reg_42431   |    10|   0|    10|          0|
    |hist_addr_581_reg_42446   |    10|   0|    10|          0|
    |hist_addr_582_reg_42461   |    10|   0|    10|          0|
    |hist_addr_583_reg_42476   |    10|   0|    10|          0|
    |hist_addr_584_reg_42501   |    10|   0|    10|          0|
    |hist_addr_585_reg_42491   |    10|   0|    10|          0|
    |hist_addr_586_reg_42521   |    10|   0|    10|          0|
    |hist_addr_587_reg_42536   |    10|   0|    10|          0|
    |hist_addr_588_reg_42551   |    10|   0|    10|          0|
    |hist_addr_589_reg_42566   |    10|   0|    10|          0|
    |hist_addr_58_reg_34601    |    10|   0|    10|          0|
    |hist_addr_590_reg_42591   |    10|   0|    10|          0|
    |hist_addr_591_reg_42581   |    10|   0|    10|          0|
    |hist_addr_592_reg_42611   |    10|   0|    10|          0|
    |hist_addr_593_reg_42636   |    10|   0|    10|          0|
    |hist_addr_594_reg_42626   |    10|   0|    10|          0|
    |hist_addr_595_reg_42656   |    10|   0|    10|          0|
    |hist_addr_596_reg_42671   |    10|   0|    10|          0|
    |hist_addr_597_reg_42686   |    10|   0|    10|          0|
    |hist_addr_598_reg_42701   |    10|   0|    10|          0|
    |hist_addr_599_reg_42716   |    10|   0|    10|          0|
    |hist_addr_59_reg_34616    |    10|   0|    10|          0|
    |hist_addr_5_reg_33806     |    10|   0|    10|          0|
    |hist_addr_600_reg_42731   |    10|   0|    10|          0|
    |hist_addr_601_reg_42756   |    10|   0|    10|          0|
    |hist_addr_602_reg_42746   |    10|   0|    10|          0|
    |hist_addr_603_reg_42771   |    10|   0|    10|          0|
    |hist_addr_604_reg_42791   |    10|   0|    10|          0|
    |hist_addr_605_reg_42806   |    10|   0|    10|          0|
    |hist_addr_606_reg_42831   |    10|   0|    10|          0|
    |hist_addr_607_reg_42821   |    10|   0|    10|          0|
    |hist_addr_608_reg_42846   |    10|   0|    10|          0|
    |hist_addr_609_reg_42866   |    10|   0|    10|          0|
    |hist_addr_60_reg_34631    |    10|   0|    10|          0|
    |hist_addr_610_reg_42881   |    10|   0|    10|          0|
    |hist_addr_611_reg_42896   |    10|   0|    10|          0|
    |hist_addr_612_reg_42911   |    10|   0|    10|          0|
    |hist_addr_613_reg_42926   |    10|   0|    10|          0|
    |hist_addr_614_reg_42941   |    10|   0|    10|          0|
    |hist_addr_615_reg_42956   |    10|   0|    10|          0|
    |hist_addr_616_reg_42971   |    10|   0|    10|          0|
    |hist_addr_617_reg_42986   |    10|   0|    10|          0|
    |hist_addr_618_reg_43001   |    10|   0|    10|          0|
    |hist_addr_619_reg_43026   |    10|   0|    10|          0|
    |hist_addr_61_reg_34646    |    10|   0|    10|          0|
    |hist_addr_620_reg_43016   |    10|   0|    10|          0|
    |hist_addr_621_reg_43046   |    10|   0|    10|          0|
    |hist_addr_622_reg_43061   |    10|   0|    10|          0|
    |hist_addr_623_reg_43076   |    10|   0|    10|          0|
    |hist_addr_624_reg_43101   |    10|   0|    10|          0|
    |hist_addr_625_reg_43091   |    10|   0|    10|          0|
    |hist_addr_626_reg_43121   |    10|   0|    10|          0|
    |hist_addr_627_reg_43136   |    10|   0|    10|          0|
    |hist_addr_628_reg_43151   |    10|   0|    10|          0|
    |hist_addr_629_reg_43166   |    10|   0|    10|          0|
    |hist_addr_62_reg_34661    |    10|   0|    10|          0|
    |hist_addr_630_reg_43191   |    10|   0|    10|          0|
    |hist_addr_631_reg_43181   |    10|   0|    10|          0|
    |hist_addr_632_reg_43211   |    10|   0|    10|          0|
    |hist_addr_633_reg_43236   |    10|   0|    10|          0|
    |hist_addr_634_reg_43226   |    10|   0|    10|          0|
    |hist_addr_635_reg_43256   |    10|   0|    10|          0|
    |hist_addr_636_reg_43271   |    10|   0|    10|          0|
    |hist_addr_637_reg_43286   |    10|   0|    10|          0|
    |hist_addr_638_reg_43301   |    10|   0|    10|          0|
    |hist_addr_639_reg_43326   |    10|   0|    10|          0|
    |hist_addr_63_reg_34676    |    10|   0|    10|          0|
    |hist_addr_640_reg_43316   |    10|   0|    10|          0|
    |hist_addr_641_reg_43341   |    10|   0|    10|          0|
    |hist_addr_642_reg_43361   |    10|   0|    10|          0|
    |hist_addr_643_reg_43376   |    10|   0|    10|          0|
    |hist_addr_644_reg_43391   |    10|   0|    10|          0|
    |hist_addr_645_reg_43406   |    10|   0|    10|          0|
    |hist_addr_646_reg_43421   |    10|   0|    10|          0|
    |hist_addr_647_reg_43436   |    10|   0|    10|          0|
    |hist_addr_648_reg_43451   |    10|   0|    10|          0|
    |hist_addr_649_reg_43466   |    10|   0|    10|          0|
    |hist_addr_64_reg_34691    |    10|   0|    10|          0|
    |hist_addr_650_reg_43481   |    10|   0|    10|          0|
    |hist_addr_651_reg_43496   |    10|   0|    10|          0|
    |hist_addr_652_reg_43511   |    10|   0|    10|          0|
    |hist_addr_653_reg_43536   |    10|   0|    10|          0|
    |hist_addr_654_reg_43526   |    10|   0|    10|          0|
    |hist_addr_655_reg_43551   |    10|   0|    10|          0|
    |hist_addr_656_reg_43571   |    10|   0|    10|          0|
    |hist_addr_657_reg_43586   |    10|   0|    10|          0|
    |hist_addr_658_reg_43601   |    10|   0|    10|          0|
    |hist_addr_659_reg_43616   |    10|   0|    10|          0|
    |hist_addr_65_reg_34706    |    10|   0|    10|          0|
    |hist_addr_660_reg_43641   |    10|   0|    10|          0|
    |hist_addr_661_reg_43631   |    10|   0|    10|          0|
    |hist_addr_662_reg_43661   |    10|   0|    10|          0|
    |hist_addr_663_reg_43676   |    10|   0|    10|          0|
    |hist_addr_664_reg_43691   |    10|   0|    10|          0|
    |hist_addr_665_reg_43706   |    10|   0|    10|          0|
    |hist_addr_666_reg_43721   |    10|   0|    10|          0|
    |hist_addr_667_reg_43736   |    10|   0|    10|          0|
    |hist_addr_668_reg_43761   |    10|   0|    10|          0|
    |hist_addr_669_reg_43751   |    10|   0|    10|          0|
    |hist_addr_66_reg_34721    |    10|   0|    10|          0|
    |hist_addr_670_reg_43781   |    10|   0|    10|          0|
    |hist_addr_671_reg_43796   |    10|   0|    10|          0|
    |hist_addr_672_reg_43811   |    10|   0|    10|          0|
    |hist_addr_673_reg_43826   |    10|   0|    10|          0|
    |hist_addr_674_reg_43841   |    10|   0|    10|          0|
    |hist_addr_675_reg_43856   |    10|   0|    10|          0|
    |hist_addr_676_reg_43871   |    10|   0|    10|          0|
    |hist_addr_677_reg_43886   |    10|   0|    10|          0|
    |hist_addr_678_reg_43901   |    10|   0|    10|          0|
    |hist_addr_679_reg_43916   |    10|   0|    10|          0|
    |hist_addr_67_reg_34736    |    10|   0|    10|          0|
    |hist_addr_680_reg_43931   |    10|   0|    10|          0|
    |hist_addr_681_reg_43946   |    10|   0|    10|          0|
    |hist_addr_682_reg_43961   |    10|   0|    10|          0|
    |hist_addr_683_reg_43976   |    10|   0|    10|          0|
    |hist_addr_684_reg_44001   |    10|   0|    10|          0|
    |hist_addr_685_reg_43991   |    10|   0|    10|          0|
    |hist_addr_686_reg_44021   |    10|   0|    10|          0|
    |hist_addr_687_reg_44036   |    10|   0|    10|          0|
    |hist_addr_688_reg_44061   |    10|   0|    10|          0|
    |hist_addr_689_reg_44051   |    10|   0|    10|          0|
    |hist_addr_68_reg_34751    |    10|   0|    10|          0|
    |hist_addr_690_reg_44076   |    10|   0|    10|          0|
    |hist_addr_691_reg_44096   |    10|   0|    10|          0|
    |hist_addr_692_reg_44111   |    10|   0|    10|          0|
    |hist_addr_693_reg_44126   |    10|   0|    10|          0|
    |hist_addr_694_reg_44141   |    10|   0|    10|          0|
    |hist_addr_695_reg_44156   |    10|   0|    10|          0|
    |hist_addr_696_reg_44171   |    10|   0|    10|          0|
    |hist_addr_697_reg_44186   |    10|   0|    10|          0|
    |hist_addr_698_reg_44201   |    10|   0|    10|          0|
    |hist_addr_699_reg_44216   |    10|   0|    10|          0|
    |hist_addr_69_reg_34766    |    10|   0|    10|          0|
    |hist_addr_6_reg_33821     |    10|   0|    10|          0|
    |hist_addr_700_reg_44231   |    10|   0|    10|          0|
    |hist_addr_701_reg_44246   |    10|   0|    10|          0|
    |hist_addr_702_reg_44261   |    10|   0|    10|          0|
    |hist_addr_703_reg_44286   |    10|   0|    10|          0|
    |hist_addr_704_reg_44276   |    10|   0|    10|          0|
    |hist_addr_705_reg_44306   |    10|   0|    10|          0|
    |hist_addr_706_reg_44321   |    10|   0|    10|          0|
    |hist_addr_707_reg_44336   |    10|   0|    10|          0|
    |hist_addr_708_reg_44361   |    10|   0|    10|          0|
    |hist_addr_709_reg_44351   |    10|   0|    10|          0|
    |hist_addr_70_reg_34781    |    10|   0|    10|          0|
    |hist_addr_710_reg_44381   |    10|   0|    10|          0|
    |hist_addr_711_reg_44396   |    10|   0|    10|          0|
    |hist_addr_712_reg_44411   |    10|   0|    10|          0|
    |hist_addr_713_reg_44436   |    10|   0|    10|          0|
    |hist_addr_714_reg_44426   |    10|   0|    10|          0|
    |hist_addr_715_reg_44456   |    10|   0|    10|          0|
    |hist_addr_716_reg_44471   |    10|   0|    10|          0|
    |hist_addr_717_reg_44486   |    10|   0|    10|          0|
    |hist_addr_718_reg_44511   |    10|   0|    10|          0|
    |hist_addr_719_reg_44501   |    10|   0|    10|          0|
    |hist_addr_71_reg_34796    |    10|   0|    10|          0|
    |hist_addr_720_reg_44526   |    10|   0|    10|          0|
    |hist_addr_721_reg_44546   |    10|   0|    10|          0|
    |hist_addr_722_reg_44571   |    10|   0|    10|          0|
    |hist_addr_723_reg_44561   |    10|   0|    10|          0|
    |hist_addr_724_reg_44591   |    10|   0|    10|          0|
    |hist_addr_725_reg_44616   |    10|   0|    10|          0|
    |hist_addr_726_reg_44606   |    10|   0|    10|          0|
    |hist_addr_727_reg_44636   |    10|   0|    10|          0|
    |hist_addr_728_reg_44661   |    10|   0|    10|          0|
    |hist_addr_729_reg_44651   |    10|   0|    10|          0|
    |hist_addr_72_reg_34811    |    10|   0|    10|          0|
    |hist_addr_730_reg_44681   |    10|   0|    10|          0|
    |hist_addr_731_reg_44696   |    10|   0|    10|          0|
    |hist_addr_732_reg_44711   |    10|   0|    10|          0|
    |hist_addr_733_reg_44726   |    10|   0|    10|          0|
    |hist_addr_734_reg_44741   |    10|   0|    10|          0|
    |hist_addr_735_reg_44756   |    10|   0|    10|          0|
    |hist_addr_736_reg_44771   |    10|   0|    10|          0|
    |hist_addr_737_reg_44786   |    10|   0|    10|          0|
    |hist_addr_738_reg_44811   |    10|   0|    10|          0|
    |hist_addr_739_reg_44801   |    10|   0|    10|          0|
    |hist_addr_73_reg_34826    |    10|   0|    10|          0|
    |hist_addr_740_reg_44831   |    10|   0|    10|          0|
    |hist_addr_741_reg_44856   |    10|   0|    10|          0|
    |hist_addr_742_reg_44846   |    10|   0|    10|          0|
    |hist_addr_743_reg_44876   |    10|   0|    10|          0|
    |hist_addr_744_reg_44901   |    10|   0|    10|          0|
    |hist_addr_745_reg_44891   |    10|   0|    10|          0|
    |hist_addr_746_reg_44921   |    10|   0|    10|          0|
    |hist_addr_747_reg_44936   |    10|   0|    10|          0|
    |hist_addr_748_reg_44961   |    10|   0|    10|          0|
    |hist_addr_749_reg_44951   |    10|   0|    10|          0|
    |hist_addr_74_reg_34841    |    10|   0|    10|          0|
    |hist_addr_750_reg_44976   |    10|   0|    10|          0|
    |hist_addr_751_reg_44996   |    10|   0|    10|          0|
    |hist_addr_752_reg_45011   |    10|   0|    10|          0|
    |hist_addr_753_reg_45026   |    10|   0|    10|          0|
    |hist_addr_754_reg_45041   |    10|   0|    10|          0|
    |hist_addr_755_reg_45066   |    10|   0|    10|          0|
    |hist_addr_756_reg_45056   |    10|   0|    10|          0|
    |hist_addr_757_reg_45081   |    10|   0|    10|          0|
    |hist_addr_758_reg_45101   |    10|   0|    10|          0|
    |hist_addr_759_reg_45116   |    10|   0|    10|          0|
    |hist_addr_75_reg_34856    |    10|   0|    10|          0|
    |hist_addr_760_reg_45131   |    10|   0|    10|          0|
    |hist_addr_761_reg_45146   |    10|   0|    10|          0|
    |hist_addr_762_reg_45161   |    10|   0|    10|          0|
    |hist_addr_763_reg_45186   |    10|   0|    10|          0|
    |hist_addr_764_reg_45176   |    10|   0|    10|          0|
    |hist_addr_765_reg_45201   |    10|   0|    10|          0|
    |hist_addr_766_reg_45221   |    10|   0|    10|          0|
    |hist_addr_767_reg_45236   |    10|   0|    10|          0|
    |hist_addr_768_reg_45251   |    10|   0|    10|          0|
    |hist_addr_769_reg_45266   |    10|   0|    10|          0|
    |hist_addr_76_reg_34871    |    10|   0|    10|          0|
    |hist_addr_770_reg_45281   |    10|   0|    10|          0|
    |hist_addr_771_reg_45296   |    10|   0|    10|          0|
    |hist_addr_772_reg_45311   |    10|   0|    10|          0|
    |hist_addr_773_reg_45326   |    10|   0|    10|          0|
    |hist_addr_774_reg_45341   |    10|   0|    10|          0|
    |hist_addr_775_reg_45356   |    10|   0|    10|          0|
    |hist_addr_776_reg_45381   |    10|   0|    10|          0|
    |hist_addr_777_reg_45371   |    10|   0|    10|          0|
    |hist_addr_778_reg_45401   |    10|   0|    10|          0|
    |hist_addr_779_reg_45416   |    10|   0|    10|          0|
    |hist_addr_77_reg_34886    |    10|   0|    10|          0|
    |hist_addr_780_reg_45441   |    10|   0|    10|          0|
    |hist_addr_781_reg_45431   |    10|   0|    10|          0|
    |hist_addr_782_reg_45461   |    10|   0|    10|          0|
    |hist_addr_783_reg_45476   |    10|   0|    10|          0|
    |hist_addr_784_reg_45501   |    10|   0|    10|          0|
    |hist_addr_785_reg_45491   |    10|   0|    10|          0|
    |hist_addr_786_reg_45516   |    10|   0|    10|          0|
    |hist_addr_787_reg_45536   |    10|   0|    10|          0|
    |hist_addr_788_reg_45561   |    10|   0|    10|          0|
    |hist_addr_789_reg_45551   |    10|   0|    10|          0|
    |hist_addr_78_reg_34901    |    10|   0|    10|          0|
    |hist_addr_790_reg_45581   |    10|   0|    10|          0|
    |hist_addr_791_reg_45596   |    10|   0|    10|          0|
    |hist_addr_792_reg_45611   |    10|   0|    10|          0|
    |hist_addr_793_reg_45626   |    10|   0|    10|          0|
    |hist_addr_794_reg_45641   |    10|   0|    10|          0|
    |hist_addr_795_reg_45666   |    10|   0|    10|          0|
    |hist_addr_796_reg_45656   |    10|   0|    10|          0|
    |hist_addr_797_reg_45686   |    10|   0|    10|          0|
    |hist_addr_798_reg_45711   |    10|   0|    10|          0|
    |hist_addr_799_reg_45701   |    10|   0|    10|          0|
    |hist_addr_79_reg_34916    |    10|   0|    10|          0|
    |hist_addr_7_reg_33836     |    10|   0|    10|          0|
    |hist_addr_800_reg_45731   |    10|   0|    10|          0|
    |hist_addr_801_reg_45756   |    10|   0|    10|          0|
    |hist_addr_802_reg_45746   |    10|   0|    10|          0|
    |hist_addr_803_reg_45771   |    10|   0|    10|          0|
    |hist_addr_804_reg_45791   |    10|   0|    10|          0|
    |hist_addr_805_reg_45806   |    10|   0|    10|          0|
    |hist_addr_806_reg_45821   |    10|   0|    10|          0|
    |hist_addr_807_reg_45836   |    10|   0|    10|          0|
    |hist_addr_808_reg_45861   |    10|   0|    10|          0|
    |hist_addr_809_reg_45851   |    10|   0|    10|          0|
    |hist_addr_80_reg_34931    |    10|   0|    10|          0|
    |hist_addr_810_reg_45881   |    10|   0|    10|          0|
    |hist_addr_811_reg_45896   |    10|   0|    10|          0|
    |hist_addr_812_reg_45911   |    10|   0|    10|          0|
    |hist_addr_813_reg_45926   |    10|   0|    10|          0|
    |hist_addr_814_reg_45941   |    10|   0|    10|          0|
    |hist_addr_815_reg_45956   |    10|   0|    10|          0|
    |hist_addr_816_reg_45971   |    10|   0|    10|          0|
    |hist_addr_817_reg_45996   |    10|   0|    10|          0|
    |hist_addr_818_reg_45986   |    10|   0|    10|          0|
    |hist_addr_819_reg_46011   |    10|   0|    10|          0|
    |hist_addr_81_reg_34946    |    10|   0|    10|          0|
    |hist_addr_820_reg_46031   |    10|   0|    10|          0|
    |hist_addr_821_reg_46046   |    10|   0|    10|          0|
    |hist_addr_822_reg_46061   |    10|   0|    10|          0|
    |hist_addr_823_reg_46076   |    10|   0|    10|          0|
    |hist_addr_824_reg_46101   |    10|   0|    10|          0|
    |hist_addr_825_reg_46091   |    10|   0|    10|          0|
    |hist_addr_826_reg_46121   |    10|   0|    10|          0|
    |hist_addr_827_reg_46136   |    10|   0|    10|          0|
    |hist_addr_828_reg_46151   |    10|   0|    10|          0|
    |hist_addr_829_reg_46166   |    10|   0|    10|          0|
    |hist_addr_82_reg_34961    |    10|   0|    10|          0|
    |hist_addr_830_reg_46181   |    10|   0|    10|          0|
    |hist_addr_831_reg_46196   |    10|   0|    10|          0|
    |hist_addr_832_reg_46211   |    10|   0|    10|          0|
    |hist_addr_833_reg_46226   |    10|   0|    10|          0|
    |hist_addr_834_reg_46241   |    10|   0|    10|          0|
    |hist_addr_835_reg_46256   |    10|   0|    10|          0|
    |hist_addr_836_reg_46271   |    10|   0|    10|          0|
    |hist_addr_837_reg_46286   |    10|   0|    10|          0|
    |hist_addr_838_reg_46301   |    10|   0|    10|          0|
    |hist_addr_839_reg_46316   |    10|   0|    10|          0|
    |hist_addr_83_reg_34976    |    10|   0|    10|          0|
    |hist_addr_840_reg_46331   |    10|   0|    10|          0|
    |hist_addr_841_reg_46346   |    10|   0|    10|          0|
    |hist_addr_842_reg_46361   |    10|   0|    10|          0|
    |hist_addr_843_reg_46376   |    10|   0|    10|          0|
    |hist_addr_844_reg_46401   |    10|   0|    10|          0|
    |hist_addr_845_reg_46391   |    10|   0|    10|          0|
    |hist_addr_846_reg_46416   |    10|   0|    10|          0|
    |hist_addr_847_reg_46436   |    10|   0|    10|          0|
    |hist_addr_848_reg_46461   |    10|   0|    10|          0|
    |hist_addr_849_reg_46451   |    10|   0|    10|          0|
    |hist_addr_84_reg_34991    |    10|   0|    10|          0|
    |hist_addr_850_reg_46481   |    10|   0|    10|          0|
    |hist_addr_851_reg_46496   |    10|   0|    10|          0|
    |hist_addr_852_reg_46511   |    10|   0|    10|          0|
    |hist_addr_853_reg_46536   |    10|   0|    10|          0|
    |hist_addr_854_reg_46526   |    10|   0|    10|          0|
    |hist_addr_855_reg_46556   |    10|   0|    10|          0|
    |hist_addr_856_reg_46571   |    10|   0|    10|          0|
    |hist_addr_857_reg_46586   |    10|   0|    10|          0|
    |hist_addr_858_reg_46611   |    10|   0|    10|          0|
    |hist_addr_859_reg_46601   |    10|   0|    10|          0|
    |hist_addr_85_reg_35006    |    10|   0|    10|          0|
    |hist_addr_860_reg_46631   |    10|   0|    10|          0|
    |hist_addr_861_reg_46646   |    10|   0|    10|          0|
    |hist_addr_862_reg_46661   |    10|   0|    10|          0|
    |hist_addr_863_reg_46676   |    10|   0|    10|          0|
    |hist_addr_864_reg_46691   |    10|   0|    10|          0|
    |hist_addr_865_reg_46706   |    10|   0|    10|          0|
    |hist_addr_866_reg_46721   |    10|   0|    10|          0|
    |hist_addr_867_reg_46746   |    10|   0|    10|          0|
    |hist_addr_868_reg_46736   |    10|   0|    10|          0|
    |hist_addr_869_reg_46766   |    10|   0|    10|          0|
    |hist_addr_86_reg_35021    |    10|   0|    10|          0|
    |hist_addr_870_reg_46781   |    10|   0|    10|          0|
    |hist_addr_871_reg_46796   |    10|   0|    10|          0|
    |hist_addr_872_reg_46811   |    10|   0|    10|          0|
    |hist_addr_873_reg_46836   |    10|   0|    10|          0|
    |hist_addr_874_reg_46826   |    10|   0|    10|          0|
    |hist_addr_875_reg_46856   |    10|   0|    10|          0|
    |hist_addr_876_reg_46871   |    10|   0|    10|          0|
    |hist_addr_877_reg_46886   |    10|   0|    10|          0|
    |hist_addr_878_reg_46911   |    10|   0|    10|          0|
    |hist_addr_879_reg_46901   |    10|   0|    10|          0|
    |hist_addr_87_reg_35036    |    10|   0|    10|          0|
    |hist_addr_880_reg_46931   |    10|   0|    10|          0|
    |hist_addr_881_reg_46946   |    10|   0|    10|          0|
    |hist_addr_882_reg_46961   |    10|   0|    10|          0|
    |hist_addr_883_reg_46976   |    10|   0|    10|          0|
    |hist_addr_884_reg_46991   |    10|   0|    10|          0|
    |hist_addr_885_reg_47016   |    10|   0|    10|          0|
    |hist_addr_886_reg_47006   |    10|   0|    10|          0|
    |hist_addr_887_reg_47036   |    10|   0|    10|          0|
    |hist_addr_888_reg_47051   |    10|   0|    10|          0|
    |hist_addr_889_reg_47066   |    10|   0|    10|          0|
    |hist_addr_88_reg_35051    |    10|   0|    10|          0|
    |hist_addr_890_reg_47091   |    10|   0|    10|          0|
    |hist_addr_891_reg_47081   |    10|   0|    10|          0|
    |hist_addr_892_reg_47111   |    10|   0|    10|          0|
    |hist_addr_893_reg_47126   |    10|   0|    10|          0|
    |hist_addr_894_reg_47141   |    10|   0|    10|          0|
    |hist_addr_895_reg_47156   |    10|   0|    10|          0|
    |hist_addr_896_reg_47171   |    10|   0|    10|          0|
    |hist_addr_897_reg_47186   |    10|   0|    10|          0|
    |hist_addr_898_reg_47201   |    10|   0|    10|          0|
    |hist_addr_899_reg_47216   |    10|   0|    10|          0|
    |hist_addr_89_reg_35066    |    10|   0|    10|          0|
    |hist_addr_8_reg_33851     |    10|   0|    10|          0|
    |hist_addr_900_reg_47231   |    10|   0|    10|          0|
    |hist_addr_901_reg_47246   |    10|   0|    10|          0|
    |hist_addr_902_reg_47261   |    10|   0|    10|          0|
    |hist_addr_903_reg_47276   |    10|   0|    10|          0|
    |hist_addr_904_reg_47291   |    10|   0|    10|          0|
    |hist_addr_905_reg_47306   |    10|   0|    10|          0|
    |hist_addr_906_reg_47321   |    10|   0|    10|          0|
    |hist_addr_907_reg_47336   |    10|   0|    10|          0|
    |hist_addr_908_reg_47351   |    10|   0|    10|          0|
    |hist_addr_909_reg_47376   |    10|   0|    10|          0|
    |hist_addr_90_reg_35081    |    10|   0|    10|          0|
    |hist_addr_910_reg_47366   |    10|   0|    10|          0|
    |hist_addr_911_reg_47391   |    10|   0|    10|          0|
    |hist_addr_912_reg_47411   |    10|   0|    10|          0|
    |hist_addr_913_reg_47426   |    10|   0|    10|          0|
    |hist_addr_914_reg_47441   |    10|   0|    10|          0|
    |hist_addr_915_reg_47456   |    10|   0|    10|          0|
    |hist_addr_916_reg_47471   |    10|   0|    10|          0|
    |hist_addr_917_reg_47496   |    10|   0|    10|          0|
    |hist_addr_918_reg_47486   |    10|   0|    10|          0|
    |hist_addr_919_reg_47516   |    10|   0|    10|          0|
    |hist_addr_91_reg_35096    |    10|   0|    10|          0|
    |hist_addr_920_reg_47531   |    10|   0|    10|          0|
    |hist_addr_921_reg_47546   |    10|   0|    10|          0|
    |hist_addr_922_reg_47571   |    10|   0|    10|          0|
    |hist_addr_923_reg_47561   |    10|   0|    10|          0|
    |hist_addr_924_reg_47586   |    10|   0|    10|          0|
    |hist_addr_925_reg_47606   |    10|   0|    10|          0|
    |hist_addr_926_reg_47621   |    10|   0|    10|          0|
    |hist_addr_927_reg_47636   |    10|   0|    10|          0|
    |hist_addr_928_reg_47651   |    10|   0|    10|          0|
    |hist_addr_929_reg_47666   |    10|   0|    10|          0|
    |hist_addr_92_reg_35111    |    10|   0|    10|          0|
    |hist_addr_930_reg_47681   |    10|   0|    10|          0|
    |hist_addr_931_reg_47696   |    10|   0|    10|          0|
    |hist_addr_932_reg_47711   |    10|   0|    10|          0|
    |hist_addr_933_reg_47726   |    10|   0|    10|          0|
    |hist_addr_934_reg_47741   |    10|   0|    10|          0|
    |hist_addr_935_reg_47756   |    10|   0|    10|          0|
    |hist_addr_936_reg_47771   |    10|   0|    10|          0|
    |hist_addr_937_reg_47786   |    10|   0|    10|          0|
    |hist_addr_938_reg_47801   |    10|   0|    10|          0|
    |hist_addr_939_reg_47816   |    10|   0|    10|          0|
    |hist_addr_93_reg_35126    |    10|   0|    10|          0|
    |hist_addr_940_reg_47841   |    10|   0|    10|          0|
    |hist_addr_941_reg_47831   |    10|   0|    10|          0|
    |hist_addr_942_reg_47861   |    10|   0|    10|          0|
    |hist_addr_943_reg_47876   |    10|   0|    10|          0|
    |hist_addr_944_reg_47891   |    10|   0|    10|          0|
    |hist_addr_945_reg_47906   |    10|   0|    10|          0|
    |hist_addr_946_reg_47921   |    10|   0|    10|          0|
    |hist_addr_947_reg_47936   |    10|   0|    10|          0|
    |hist_addr_948_reg_47961   |    10|   0|    10|          0|
    |hist_addr_949_reg_47951   |    10|   0|    10|          0|
    |hist_addr_94_reg_35141    |    10|   0|    10|          0|
    |hist_addr_950_reg_47981   |    10|   0|    10|          0|
    |hist_addr_951_reg_47996   |    10|   0|    10|          0|
    |hist_addr_952_reg_48011   |    10|   0|    10|          0|
    |hist_addr_953_reg_48036   |    10|   0|    10|          0|
    |hist_addr_954_reg_48026   |    10|   0|    10|          0|
    |hist_addr_955_reg_48056   |    10|   0|    10|          0|
    |hist_addr_956_reg_48071   |    10|   0|    10|          0|
    |hist_addr_957_reg_48086   |    10|   0|    10|          0|
    |hist_addr_958_reg_48111   |    10|   0|    10|          0|
    |hist_addr_959_reg_48101   |    10|   0|    10|          0|
    |hist_addr_95_reg_35156    |    10|   0|    10|          0|
    |hist_addr_960_reg_48131   |    10|   0|    10|          0|
    |hist_addr_961_reg_48146   |    10|   0|    10|          0|
    |hist_addr_962_reg_48161   |    10|   0|    10|          0|
    |hist_addr_963_reg_48176   |    10|   0|    10|          0|
    |hist_addr_964_reg_48191   |    10|   0|    10|          0|
    |hist_addr_965_reg_48206   |    10|   0|    10|          0|
    |hist_addr_966_reg_48231   |    10|   0|    10|          0|
    |hist_addr_967_reg_48221   |    10|   0|    10|          0|
    |hist_addr_968_reg_48251   |    10|   0|    10|          0|
    |hist_addr_969_reg_48266   |    10|   0|    10|          0|
    |hist_addr_96_reg_35171    |    10|   0|    10|          0|
    |hist_addr_970_reg_48281   |    10|   0|    10|          0|
    |hist_addr_971_reg_48296   |    10|   0|    10|          0|
    |hist_addr_972_reg_48311   |    10|   0|    10|          0|
    |hist_addr_973_reg_48326   |    10|   0|    10|          0|
    |hist_addr_974_reg_48341   |    10|   0|    10|          0|
    |hist_addr_975_reg_48356   |    10|   0|    10|          0|
    |hist_addr_976_reg_48371   |    10|   0|    10|          0|
    |hist_addr_977_reg_48386   |    10|   0|    10|          0|
    |hist_addr_978_reg_48401   |    10|   0|    10|          0|
    |hist_addr_979_reg_48416   |    10|   0|    10|          0|
    |hist_addr_97_reg_35186    |    10|   0|    10|          0|
    |hist_addr_980_reg_48431   |    10|   0|    10|          0|
    |hist_addr_981_reg_48446   |    10|   0|    10|          0|
    |hist_addr_982_reg_48471   |    10|   0|    10|          0|
    |hist_addr_983_reg_48461   |    10|   0|    10|          0|
    |hist_addr_984_reg_48491   |    10|   0|    10|          0|
    |hist_addr_985_reg_48506   |    10|   0|    10|          0|
    |hist_addr_986_reg_48521   |    10|   0|    10|          0|
    |hist_addr_987_reg_48536   |    10|   0|    10|          0|
    |hist_addr_988_reg_48551   |    10|   0|    10|          0|
    |hist_addr_989_reg_48576   |    10|   0|    10|          0|
    |hist_addr_98_reg_35201    |    10|   0|    10|          0|
    |hist_addr_990_reg_48566   |    10|   0|    10|          0|
    |hist_addr_991_reg_48591   |    10|   0|    10|          0|
    |hist_addr_992_reg_48611   |    10|   0|    10|          0|
    |hist_addr_993_reg_48626   |    10|   0|    10|          0|
    |hist_addr_994_reg_48641   |    10|   0|    10|          0|
    |hist_addr_995_reg_48656   |    10|   0|    10|          0|
    |hist_addr_996_reg_48671   |    10|   0|    10|          0|
    |hist_addr_997_reg_48686   |    10|   0|    10|          0|
    |hist_addr_998_reg_48701   |    10|   0|    10|          0|
    |hist_addr_999_reg_48716   |    10|   0|    10|          0|
    |hist_addr_99_reg_35216    |    10|   0|    10|          0|
    |hist_addr_9_reg_33866     |    10|   0|    10|          0|
    |hist_addr_reg_33736       |    10|   0|    10|          0|
    |reg_28591                 |    32|   0|    32|          0|
    |reg_28596                 |    32|   0|    32|          0|
    |reg_28601                 |    32|   0|    32|          0|
    +--------------------------+------+----+------+-----------+
    |Total                     | 17505|   0| 17505|          0|
    +--------------------------+------+----+------+-----------+



================================================================
== Interface
================================================================
* Summary: 
+-----------------+-----+-----+------------+--------------+--------------+
|    RTL Ports    | Dir | Bits|  Protocol  | Source Object|    C Type    |
+-----------------+-----+-----+------------+--------------+--------------+
|ap_clk           |  in |    1| ap_ctrl_hs |    kernel3   | return value |
|ap_rst           |  in |    1| ap_ctrl_hs |    kernel3   | return value |
|ap_start         |  in |    1| ap_ctrl_hs |    kernel3   | return value |
|ap_done          | out |    1| ap_ctrl_hs |    kernel3   | return value |
|ap_idle          | out |    1| ap_ctrl_hs |    kernel3   | return value |
|ap_ready         | out |    1| ap_ctrl_hs |    kernel3   | return value |
|hist_address0    | out |   10|  ap_memory |     hist     |     array    |
|hist_ce0         | out |    1|  ap_memory |     hist     |     array    |
|hist_we0         | out |    1|  ap_memory |     hist     |     array    |
|hist_d0          | out |   32|  ap_memory |     hist     |     array    |
|hist_q0          |  in |   32|  ap_memory |     hist     |     array    |
|weight_address0  | out |   10|  ap_memory |    weight    |     array    |
|weight_ce0       | out |    1|  ap_memory |    weight    |     array    |
|weight_q0        |  in |   32|  ap_memory |    weight    |     array    |
|index_address0   | out |   10|  ap_memory |     index    |     array    |
|index_ce0        | out |    1|  ap_memory |     index    |     array    |
|index_q0         |  in |   32|  ap_memory |     index    |     array    |
|index_address1   | out |   10|  ap_memory |     index    |     array    |
|index_ce1        | out |    1|  ap_memory |     index    |     array    |
|index_q1         |  in |   32|  ap_memory |     index    |     array    |
+-----------------+-----+-----+------------+--------------+--------------+

